make[1]: se entra en el directorio '/home/rebelpilot89/manaus-kernel/out'
  GEN     Makefile
../scripts/Makefile.asm-generic:25: redundant generic-y found in arch/arm64/include/asm/Kbuild: set_memory.h
  CALL    ../scripts/atomic/check-atomics.sh
  CALL    ../scripts/checksyscalls.sh
  CC      arch/arm64/kvm/hyp/nvhe/sys_regs.nvhe.o
  CC      arch/arm64/kvm/hyp/nvhe/pkvm.nvhe.o
  CC      arch/arm64/kvm/hyp/nvhe/stacktrace.nvhe.o
  CC      arch/arm64/kvm/hyp/nvhe/ffa.nvhe.o
  CC      arch/arm64/kvm/hyp/nvhe/iommu.nvhe.o
  CC      arch/arm64/kvm/hyp/nvhe/serial.nvhe.o
  CC      arch/arm64/kvm/hyp/nvhe/clock.nvhe.o
  CC      arch/arm64/kvm/hyp/nvhe/events.nvhe.o
In file included from ../arch/arm64/kvm/hyp/nvhe/clock.c:2:
../arch/arm64/kvm/hyp/include/nvhe/clock.h:9:32: error: declaration of 'struct kvm_nvhe_clock_data' will not be visible outside of this function [-Werror,-Wvisibility]
    9 | void trace_clock_update(struct kvm_nvhe_clock_data *data);
      |                                ^
../arch/arm64/kvm/hyp/nvhe/clock.c:14:6: error: conflicting types for 'trace_clock_update'
   14 | void trace_clock_update(struct kvm_nvhe_clock_data *data)
      |      ^
../arch/arm64/kvm/hyp/include/nvhe/clock.h:9:6: note: previous declaration is here
    9 | void trace_clock_update(struct kvm_nvhe_clock_data *data);
      |      ^
../arch/arm64/kvm/hyp/nvhe/clock.c:16:18: error: incomplete definition of type 'struct kvm_nvhe_clock_data'
   16 |         trace_clock_data.mult = data->mult;
      |         ~~~~~~~~~~~~~~~~^
../arch/arm64/kvm/hyp/nvhe/clock.c:7:15: note: forward declaration of 'struct kvm_nvhe_clock_data'
    7 | static struct kvm_nvhe_clock_data trace_clock_data;
      |               ^
../arch/arm64/kvm/hyp/nvhe/clock.c:16:30: error: incomplete definition of type 'struct kvm_nvhe_clock_data'
   16 |         trace_clock_data.mult = data->mult;
      |                                 ~~~~^
../arch/arm64/kvm/hyp/nvhe/clock.c:7:15: note: forward declaration of 'struct kvm_nvhe_clock_data'
    7 | static struct kvm_nvhe_clock_data trace_clock_data;
      |               ^
../arch/arm64/kvm/hyp/nvhe/clock.c:17:18: error: incomplete definition of type 'struct kvm_nvhe_clock_data'
   17 |         trace_clock_data.shift = data->shift;
      |         ~~~~~~~~~~~~~~~~^
../arch/arm64/kvm/hyp/nvhe/clock.c:7:15: note: forward declaration of 'struct kvm_nvhe_clock_data'
    7 | static struct kvm_nvhe_clock_data trace_clock_data;
      |               ^
../arch/arm64/kvm/hyp/nvhe/clock.c:17:31: error: incomplete definition of type 'struct kvm_nvhe_clock_data'
   17 |         trace_clock_data.shift = data->shift;
      |                                  ~~~~^
../arch/arm64/kvm/hyp/nvhe/clock.c:7:15: note: forward declaration of 'struct kvm_nvhe_clock_data'
    7 | static struct kvm_nvhe_clock_data trace_clock_data;
      |               ^
../arch/arm64/kvm/hyp/nvhe/clock.c:18:18: error: incomplete definition of type 'struct kvm_nvhe_clock_data'
   18 |         trace_clock_data.epoch_ns = data->epoch_ns;
      |         ~~~~~~~~~~~~~~~~^
../arch/arm64/kvm/hyp/nvhe/clock.c:7:15: note: forward declaration of 'struct kvm_nvhe_clock_data'
    7 | static struct kvm_nvhe_clock_data trace_clock_data;
      |               ^
../arch/arm64/kvm/hyp/nvhe/clock.c:18:34: error: incomplete definition of type 'struct kvm_nvhe_clock_data'
   18 |         trace_clock_data.epoch_ns = data->epoch_ns;
      |                                     ~~~~^
../arch/arm64/kvm/hyp/nvhe/clock.c:7:15: note: forward declaration of 'struct kvm_nvhe_clock_data'
    7 | static struct kvm_nvhe_clock_data trace_clock_data;
      |               ^
../arch/arm64/kvm/hyp/nvhe/clock.c:19:18: error: incomplete definition of type 'struct kvm_nvhe_clock_data'
   19 |         trace_clock_data.epoch_cyc = data->epoch_cyc;
      |         ~~~~~~~~~~~~~~~~^
../arch/arm64/kvm/hyp/nvhe/clock.c:7:15: note: forward declaration of 'struct kvm_nvhe_clock_data'
    7 | static struct kvm_nvhe_clock_data trace_clock_data;
      |               ^
../arch/arm64/kvm/hyp/nvhe/clock.c:19:35: error: incomplete definition of type 'struct kvm_nvhe_clock_data'
   19 |         trace_clock_data.epoch_cyc = data->epoch_cyc;
      |                                      ~~~~^
../arch/arm64/kvm/hyp/nvhe/clock.c:7:15: note: forward declaration of 'struct kvm_nvhe_clock_data'
    7 | static struct kvm_nvhe_clock_data trace_clock_data;
      |               ^
../arch/arm64/kvm/hyp/nvhe/clock.c:29:58: error: incomplete definition of type 'struct kvm_nvhe_clock_data'
   29 |         u64 cyc = __arch_counter_get_cntpct() - trace_clock_data.epoch_cyc;
      |                                                 ~~~~~~~~~~~~~~~~^
../arch/arm64/kvm/hyp/nvhe/clock.c:7:15: note: forward declaration of 'struct kvm_nvhe_clock_data'
    7 | static struct kvm_nvhe_clock_data trace_clock_data;
      |               ^
../arch/arm64/kvm/hyp/nvhe/clock.c:38:42: error: incomplete definition of type 'struct kvm_nvhe_clock_data'
   38 |         ns = (__uint128_t)cyc * trace_clock_data.mult;
      |                                 ~~~~~~~~~~~~~~~~^
../arch/arm64/kvm/hyp/nvhe/clock.c:7:15: note: forward declaration of 'struct kvm_nvhe_clock_data'
    7 | static struct kvm_nvhe_clock_data trace_clock_data;
      |               ^
../arch/arm64/kvm/hyp/nvhe/clock.c:39:25: error: incomplete definition of type 'struct kvm_nvhe_clock_data'
   39 |         ns >>= trace_clock_data.shift;
      |                ~~~~~~~~~~~~~~~~^
../arch/arm64/kvm/hyp/nvhe/clock.c:7:15: note: forward declaration of 'struct kvm_nvhe_clock_data'
    7 | static struct kvm_nvhe_clock_data trace_clock_data;
      |               ^
../arch/arm64/kvm/hyp/nvhe/clock.c:41:35: error: incomplete definition of type 'struct kvm_nvhe_clock_data'
   41 |         return (u64)ns + trace_clock_data.epoch_ns;
      |                          ~~~~~~~~~~~~~~~~^
../arch/arm64/kvm/hyp/nvhe/clock.c:7:15: note: forward declaration of 'struct kvm_nvhe_clock_data'
    7 | static struct kvm_nvhe_clock_data trace_clock_data;
      |               ^
../arch/arm64/kvm/hyp/nvhe/clock.c:7:35: error: tentative definition has type 'struct kvm_nvhe_clock_data' that is never completed
    7 | static struct kvm_nvhe_clock_data trace_clock_data;
      |                                   ^
../arch/arm64/kvm/hyp/nvhe/clock.c:7:15: note: forward declaration of 'struct kvm_nvhe_clock_data'
    7 | static struct kvm_nvhe_clock_data trace_clock_data;
      |               ^
15 errors generated.
make[5]: *** [../arch/arm64/kvm/hyp/nvhe/Makefile:39: arch/arm64/kvm/hyp/nvhe/clock.nvhe.o] Error 1
make[5]: *** Se espera a que terminen otras tareas....
In file included from ../arch/arm64/kvm/hyp/nvhe/ffa.c:32:
In file included from ../arch/arm64/kvm/hyp/include/nvhe/arm-smccc.h:3:
In file included from ../arch/arm64/include/asm/kvm_hypevents.h:7:
In file included from ../arch/arm64/kvm/hyp/include/nvhe/trace.h:In file included from ../arch/arm64/kvm/hyp/nvhe/serial.c:6:
In file included from ../arch/arm64/kvm/hyp/include/nvhe/pkvm.h:12:
../arch/arm64/kvm/hyp/include/nvhe/gfp.h:54:3: error: implicit declaration of function 'hyp_panic' [-Werror,-Wimplicit-function-declaration]
   54 |                 hyp_panic(9:
../arch/arm64/include/asm/kvm_hyptrace.h:17:30: error: field has incomplete type 'struct kvm_nvhe_clock_data'
   17 |         struct kvm_nvhe_clock_data              trace_cloc)k;_d
a      t| a;                ^

      |                                                 ^
../arch/arm64/include/asm/kvm_hyptrace.h:17:9../arch/arm64/kvm/hyp/include/nvhe/gfp.h:: 54note: :forward declaration of 'struct kvm_nvhe_clock_data'3
: note: did you mean 'nmi_panic'?
   17 |         struct kvm_nvhe_clock_data              trace_clock_data;
      |                ^
../include/linux/kernel.h:322:6: note: 'nmi_panic' declared here
  322 | void nmi_panic(struct pt_regs *regs, const char *msg);
      |      ^
1 error generated.
In file included from ../arch/arm64/kvm/hyp/nvhe/ffa.c:34:
../arch/arm64/kvm/hyp/include/nvhe/mem_protect.h:32:3: error: implicit declaration of function '__load_stage2' [-Werror,-Wimplicit-function-declaration]
   32 |                 __load_stage2(&host_kvm.arch.mmu, host_kvm.arch.vtcr);
      |                 ^
make[5]: *** [../arch/arm64/kvm/hyp/nvhe/Makefile:39: arch/arm64/kvm/hyp/nvhe/serial.nvhe.o] Error 1
In file included from ../arch/arm64/kvm/hyp/nvhe/pkvm.c:15:
In file included from ../arch/arm64/kvm/hyp/include/nvhe/arm-smccc.h:3:
In file included from ../arch/arm64/include/asm/kvm_hypevents.h:7:
In file included from ../arch/arm64/kvm/hyp/include/nvhe/trace.h:9:
../arch/arm64/include/asm/kvm_hyptrace.h:17:30: error: field has incomplete type 'struct kvm_nvhe_clock_data'
   17 |         struct kvm_nvhe_clock_data              trace_clock_data;
      |                                                 ^
../arch/arm64/include/asm/kvm_hyptrace.h:17:9: note: forward declaration of 'struct kvm_nvhe_clock_data'
   17 |         struct kvm_nvhe_clock_data              trace_clock_data;
      |                ^
../arch/arm64/kvm/hyp/nvhe/ffa.c:209:8: error: implicit declaration of function '__pkvm_host_share_hyp' [-Werror,-Wimplicit-function-declaration]
  209 |         ret = __pkvm_host_share_hyp(hyp_phys_to_pfn(tx));
      |               ^
In file included from ../arch/arm64/kvm/hyp/nvhe/pkvm.c:16:
../arch/arm64/kvm/hyp/include/nvhe/mem_protect.h:32:3: error: implicit declaration of function '__load_stage2' [-Werror,-Wimplicit-function-declaration]
   32 |                 __load_stage2(&host_kvm.arch.mmu, host_kvm.arch.vtcr);
      |                 ^
In file included from ../arch/arm64/kvm/hyp/nvhe/events.c:6:
In file included from ../arch/arm64/kvm/hyp/include/nvhe/trace.h:9:
../arch/arm64/include/asm/kvm_hyptrace.h:17:30: error: field has incomplete type 'struct kvm_nvhe_clock_data'
   17 |         struct kvm_nvhe_clock_data              trace_clock_data;
      |                                                 ^
../arch/arm64/include/asm/kvm_hyptrace.h:17:9: note: forward declaration of 'struct kvm_nvhe_clock_data'
   17 |         struct kvm_nvhe_clock_data              trace_clock_data;
      |                ^
In file included from ../arch/arm64/kvm/hyp/nvhe/iommu.c:16:
../arch/arm64/kvm/hyp/include/nvhe/mm.h:43:29: error: redefinition of '__hyp_pgtable_max_pages'
   43 | static inline unsigned long __hyp_pgtable_max_pages(unsigned long nr_pages)
      |                             ^
../arch/arm64/include/asm/kvm_pkvm.h:406:29: note: previous definition is here
  406 | static inline unsigned long __hyp_pgtable_max_pages(unsigned long nr_pages)
      |                             ^
In file included from ../arch/arm64/kvm/hyp/nvhe/iommu.c:16:
../arch/arm64/kvm/hyp/include/nvhe/mm.h:69:29: error: redefinition of 'hyp_s1_pgtable_pages'
   69 | static inline unsigned long hyp_s1_pgtable_pages(void)
      |                             ^
../arch/arm64/include/asm/kvm_pkvm.h:435:29: note: previous definition is here
  435 | static inline unsigned long hyp_s1_pgtable_pages(void)
      |                             ^
In file included from ../arch/arm64/kvm/hyp/nvhe/pkvm.c:19:
In file included from ../arch/arm64/kvm/hyp/include/nvhe/pkvm.h:10:
../arch/arm64/include/asm/kvm_pkvm.h:406:29: error: redefinition of '__hyp_pgtable_max_pages'
  406 | static inline unsigned long __hyp_pgtable_max_pages(unsigned long nr_pages)
      |                             ^
../arch/arm64/kvm/hyp/include/nvhe/mm.h:43:29: note: previous definition is here
   43 | static inline unsigned long __hyp_pgtable_max_pages(unsigned long nr_pages)
      |                             ^
In file included from ../arch/arm64/kvm/hyp/nvhe/pkvm.c:19:
In file included from ../arch/arm64/kvm/hyp/include/nvhe/pkvm.h:10:
../arch/arm64/include/asm/kvm_pkvm.h:435:29: error: redefinition of 'hyp_s1_pgtable_pages'
  435 | static inline unsigned long hyp_s1_pgtable_pages(void)
      |                             ^
../arch/arm64/kvm/hyp/include/nvhe/mm.h:69:29: note: previous definition is here
   69 | static inline../arch/arm64/kvm/hyp/nvhe/ffa.c u:n222s:i8g:n eerror: dimplicit declaration of function 'hyp_pin_shared_mem' [-Werror,-Wimplicit-function-declaration] 
long h  y222p |         _rse1t_ p=g thaybpl_pei_np_asgheasr(evdo_imde)m
(      t| x                            ^_
virt, tx_virt + 1);
      |               ^
../arch/arm64/kvm/hyp/nvhe/iommu.c:34:8: error: type specifier missing, defaults to 'int' [-Werror,-Wimplicit-int]
   34 | static DEFINE_HYP_SPINLOCK(iommu_registration_lock);
      | ~~~~~~ ^
      | int
../arch/arm64/kvm/hyp/nvhe/iommu.c:34:28: error: a parameter list without types is only allowed in a function definition
   34 | static DEFINE_HYP_SPINLOCK(iommu_registration_lock);
      |                            ^
../arch/arm64/kvm/hyp/nvhe/iommu.c:35:8: error: type specifier missing, defaults to 'int' [-Werror,-Wimplicit-int]
   35 | static DEFINE_HYP_SPINLOCK(iommu_drv_lock);
      | ~~~~~~ ^
      | int
../arch/arm64/kvm/hyp/nvhe/iommu.c:35:28: error: a parameter list without types is only allowed in a function definition
   35 | static DEFINE_HYP_SPINLOCK(iommu_drv_lock);
      |                            ^
../arch/arm64/kvm/hyp/nvhe/events.c:32:16: error: implicit declaration of function 'hyp_fixmap_map' [-Werror,-Wimplicit-function-declaration]
   32 |                 enable_key = hyp_fixmap_map(__hyp_pa(enable_key));
      |                              ^
../arch/arm64/kvm/hyp/nvhe/events.c:32:14: error: incompatible integer to pointer conversion assigning to 'atomic_t *' from 'int' [-Wint-conversion]
   32 |                 enable_key = hyp_fixmap_map(__hyp_pa(enable_key));
      |                            ^ ~~~~~~~~~~~~~~~~~~~~~~~~~~~~~~~~~~~~
../arch/arm64/kvm/hyp/nvhe/events.c:36:3: error: implicit declaration of function 'hyp_fixmap_unmap' [-Werror,-Wimplicit-function-declaration]
   36 |                 hyp_fixmap_unmap();
      |                 ^
4 errors generated.
../arch/arm64/kvm/hyp/nvhe/pkvm.c:52:43: error: implicit declaration of function 'hyp_smp_processor_id' [-Werror,-Wimplicit-function-declaration]
   52 |         return (void *)kvm_arm_hyp_host_fp_state[hyp_smp_processor_id()];
      |                                                  ^
../arch/arm64/kvm/hyp/nvhe/iommu.c:42:2: error: implicit declaration of function 'hyp_assert_lock_held' [-Werror,-Wimplicit-function-declaration]
   42 |         hyp_assert_lock_held(&host_mmu.lock);
      |         ^
../arch/arm64/kvm/hyp/nvhe/iommu.c:42:2: note: did you mean 'mmap_assert_locked'?
../include/linux/mmap_lock.h:78:20: note: 'mmap_assert_locked' declared here
   78 | static i../arch/arm64/kvm/hyp/nvhe/ffa.c:245:n2:l ierror: implicit declaration of function 'hyp_unpin_shared_mem' [-Werror,-Wimplicit-function-declaration]
ne   245 | v        ohyp_uindp in_shmamraed_mpe_ma(tx_vsisret, txr_tv_irt +l o1c)k;
      |         ^e
d(struct mm_struct *mm)
      |                    ^
make[5]: *** [../arch/arm64/kvm/hyp/nvhe/Makefile:39: arch/arm64/kvm/hyp/nvhe/events.nvhe.o] Error 1
../arch/arm64/kvm/hyp/nvhe/iommu.c:42:24: error: use of undeclared identifier 'host_mmu'
   42 |         hyp_assert_lock_held(&host_mmu.lock);
      |                               ^~~~~~~~
../arch/arm64/kvm/hyp/nvhe/iommu.c:47:17: error: use of undeclared identifier 'host_mmu'
   47 |         hyp_spin_lock(&host_mmu.lock);
      |                        ^~~~~~~~
../arch/arm64/kvm/hyp/nvhe/iommu.c:52:19: error: use of undeclared identifier 'host_mmu'
   52 |         hyp_spin_unlock(&host_mmu.lock);
      |                          ^~~~~~~~
../arch/arm64/kvm/hyp/nvhe/ffa.c:247:2: error: implicit declaration of function '__pkvm_host_unshare_hyp' [-Werror,-Wimplicit-function-declaration]
  247 |         __pkvm_host_unshare_hyp(hyp_phys_to_pfn(rx));
      |         ^
../arch/arm64/kvm/hyp/nvhe/ffa.c:272:2: error: implicit declaration of function 'hyp_unpin_shared_mem' [-Werror,-Wimplicit-function-declaration]
  272 |         hyp_unpin_shared_mem(host_buffers.tx, host_buffers.tx + 1);
      |         ^
../arch/arm64/kvm/hyp/nvhe/ffa.c:273:10: error: implicit declaration of function '__pkvm_host_unshare_hyp' [-Werror,-Wimplicit-function-declaration]
  273 |         WARN_ON(__pkvm_host_unshare_hyp(hyp_virt_to_pfn(host_buffers.tx)));
      |                 ^
../arch/arm64/kvm/hyp/nvhe/ffa.c:277:10: error: implicit declaration of function '__pkvm_host_unshare_hyp' [-Werror,-Wimplicit-function-declaration]
  277 |         WARN_ON(__pkvm_host_unshare_hyp(hyp_virt_to_pfn(host_buffers.rx)));
      |                 ^
../arch/arm64/kvm/hyp/nvhe/iommu.c:63:17: error: use of undeclared identifier 'iommu_drv_lock'
   63 |         hyp_spin_lock(&iommu_drv_lock);
      |                        ^~~~~~~~~~~~~~
../arch/arm64/kvm/hyp/nvhe/ffa.c:301:7: error: implicit declaration of function '__pkvm_host_share_ffa' [-Werror,-Wimplicit-function-declaration]
  301 |                 if (__pkvm_host_share_ffa(pfn, ../arch/arm64/kvm/hyp/nvhe/iommu.csz: 70/: P19A:G Eerror: _Suse of undeclared identifier 'iommu_drv_lock'I
ZE))
      |                     ^
   70 |         hyp_spin_unlock(&iommu_drv_lock);
      |                          ^~~~~~~~~~~~~~
../arch/arm64/kvm/hyp/nvhe/iommu.c:103:2: error: implicit declaration of function 'hyp_assert_lock_held' [-Werror,-Wimplicit-function-declaration]
  103 |         hyp_assert_lock_held(&iommu_drv_lock);
      |         ^
../arch/arm64/kvm/hyp/nvhe/iommu.c:103:24: error: use of undeclared identifier 'iommu_drv_lock'
  103 |         hyp_assert_lock_held(&iommu_drv_lock);
      |                               ^~~~~~~~~~~~~~
../arch/arm64/kvm/hyp/nvhe/iommu.c:118:2: error: implicit declaration of function 'hyp_assert_lock_held' [-Werror,-Wimplicit-function-declaration]
  118 |         hyp_assert_lock_held(&iommu_registration_lock);
      |         ^
../arch/arm64/kvm/hyp/nvhe/ffa.c:321:7: error: implicit declaration of function '__pkvm_host_unshare_ffa' [-Werror,-Wimplicit-function-declaration]
  321 |                 if (__pkvm_host_unshare_ffa(pfn, sz / PAGE_SIZE))
      |                     ^
../arch/arm64/kvm/hyp/nvhe/sys_regs.c:44:2: error: implicit declaration of function '__kvm_adjust_pc' [-Werror,-Wimplicit-function-declaration]
   44 |         __kvm_adjust_pc(vcpu);
      |         ^
../arch/arm64/kvm/hyp/nvhe/sys_regs.c:44:2: note: did you mean '__adjust_pc'?
../arch/arm64/kvm/hyp/include/hyp/adjust_pc.h:50:20: note: '__adjust_pc' declared here
   50 | static inline void __adjust_pc(struct kvm_vcpu *vcpu)
      |                    ^
../arch/arm64/kvm/hyp/nvhe/iommu.c:118:24: error: use of undeclared identifier 'iommu_registration_lock'
  118 |         hyp_assert_lock_held(&iommu_registration_lock);
      |                               ^~~~~~~~~~~~~~~~~~~~~~~
../arch/arm64/kvm/hyp/nvhe/iommu.c:119:17: error: use of undeclared identifier 'iommu_drv_lock'
  119 |         hyp_spin_lock(&iommu_drv_lock);
      |                        ^~~~~~~~~~~~~~
../arch/arm64/kvm/hyp/nvhe/iommu.c:124:19: error: use of undeclared identifier 'iommu_drv_lock'
  124 |         hyp_spin_unlock(&iommu_drv_lock);
      |                          ^~~~~~~~~~~~~~
../arch/arm64/kvm/hyp/nvhe/iommu.c:184:26: error: use of undeclared identifier 'host_mmu'
  184 |         phys_addr_t limit = BIT(host_mmu.pgt.ia_bits);
      |                                 ^~~~~~~~
../arch/arm64/kvm/hyp/nvhe/sys_regs.c:103:18: error: use of undeclared identifier 'ID_AA64PFR1_EL1_MTE_SHIFT'
  103 |                 allow_mask &= ~ARM64_FEATURE_MASK(ID_AA64PFR1_EL1_MTE);
      |                                ^~~~~~~~~~~~~~~~~~~~~~~~~~~~~~~~~~~~~~~
../arch/arm64/include/asm/sysreg.h:1286:57: note: expanded from macro 'ARM64_FEATURE_MASK'
 1286 |         (GENMASK_ULL(x##_SHIFT + ARM64_FEATURE_FIELD_BITS - 1, x##_SHIFT))
      |                                                                ^~~~~~~~~
<scratch space>:38:1: note: expanded from here
   38 | ID_AA64PFR1_EL1_MTE_SHIFT
      | ^~~~~~~~~~~~~~~~~~~~~~~~~
../arch/arm64/kvm/hyp/nvhe/ffa.c:740:11: error: use of undeclared identifier '__HYP_SPIN_LOCK_UNLOCKED'
  740 |                 .lock   = __HYP_SPIN_LOCK_UNLOCKED,
      |                           ^~~~~~~~~~~~~~~~~~~~~~~~
fatal error: too many errors emitted, stopping now [-ferror-limit=]
20 errors generated.
../arch/arm64/kvm/hyp/nvhe/sys_regs.c:103:18: error: use of undeclared identifier 'ID_AA64PFR1_EL1_MTE_SHIFT'
  103 |                 allow_mask &= ~ARM64_FEATURE_MASK(ID_AA64PFR1_EL1_MTE);
      |                                ^~~~~~~~~~~~~~~~~~~~~~~~~~~~~~~~~~~~~~~
../arch/arm64/include/asm/sysreg.h:1286:15: note: expanded from macro 'ARM64_FEATURE_MASK'
 1286 |         (GENMASK_ULL(x##_SHIFT + ARM64_FEATURE_FIELD_BITS - 1, x##_SHIFT))
      |                      ^~~~~~~~~
<scratch space>:37:1: note: expanded from here
   37 | ID_AA64PFR1_EL1_MTE_SHIFT
      | ^~~~~~~~~~~~~~~~~~~~~~~~~
../arch/arm64/kvm/hyp/nvhe/ffa.c:746:11: error: use of undeclared identifier '__HYP_SPIN_LOCK_UNLOCKED'
  746 |                 .lock   = __HYP_SPIN_LOCK_UNLOCKED,
      |                           ^~~~~~~~~~~~~~~~~~~~~~~~
13 errors generated.
make[5]: *** [../arch/arm64/kvm/hyp/nvhe/Makefile:39: arch/arm64/kvm/hyp/nvhe/iommu.nvhe.o] Error 1
make[5]: *** [../arch/arm64/kvm/hyp/nvhe/Makefile:39: arch/arm64/kvm/hyp/nvhe/ffa.nvhe.o] Error 1
../arch/arm64/kvm/hyp/nvhe/sys_regs.c:103:18: error: use of undeclared identifier 'ID_AA64PFR1_EL1_MTE_SHIFT'
  103 |                 allow_mask &= ~ARM64_FEATURE_MASK(ID_AA64PFR1_EL1_MTE);
      |                                ^~~~~~~~~~~~~~~~~~~~~~~~~~~~~~~~~~~~~~~
../arch/arm64/include/asm/sysreg.h:1286:57: note: expanded from macro 'ARM64_FEATURE_MASK'
 1286 |         (GENMASK_ULL(x##_SHIFT + ARM64_FEATURE_FIELD_BITS - 1, x##_SHIFT))
      |                                                                ^~~~~~~~~
<scratch space>:38:1: note: expanded from here
   38 | ID_AA64PFR1_EL1_MTE_SHIFT
      | ^~~~~~~~~~~~~~~~~~~~~~~~~
../arch/arm64/kvm/hyp/nvhe/pkvm.c:94:6: error: use of undeclared identifier 'ID_AA64PFR0_EL1_RAS_V1P1'
   94 |             ID_AA64PFR0_EL1_RAS_V1P1) {
      |             ^~~~~~~~~~~~~~~~~~~~~~~~
../arch/arm64/kvm/hyp/nvhe/pkvm.c:96:16: error: use of undeclared identifier 'HCR_FIEN'
   96 |                 hcr_clear |= HCR_FIEN;
      |                              ^~~~~~~~
../arch/arm64/kvm/hyp/nvhe/sys_regs.c:103:18: error: use of undeclared identifier 'ID_AA64PFR1_EL1_MTE_SHIFT'
  103 |                 allow_mask &= ~ARM64_FEATURE_MASK(ID_AA64PFR1_EL1_MTE);
      |                                ^~~~~~~~~~~~~~~~~~~~~~~~~~~~~~~~~~~~~~~
../arch/arm64/include/asm/sysreg.h:1286:15: note: expanded from macro 'ARM64_FEATURE_MASK'
 1286 |         (GENMASK_ULL(x##_SHIFT + ARM64_FEATURE_FIELD_BITS - 1, x##_SHIFT))
      |                      ^~~~~~~~~
<scratch space>:37:1: note: expanded from here
   37 | ID_AA64PFR1_EL1_MTE_SHIFT
      | ^~~~~~~~~~~~~~~~~~~~~~~~~
../arch/arm64/kvm/hyp/nvhe/pkvm.c:100:17: error: use of undeclared identifier 'ID_AA64PFR0_EL1_AMU_SHIFT'
  100 |         if (!FIELD_GET(ARM64_FEATURE_MASK(ID_AA64PFR0_EL1_AMU), feature_ids)) {
      |                        ^~~~~~~~~~~~~~~~~~~~~~~~~~~~~~~~~~~~~~~
../arch/arm64/include/asm/sysreg.h:1286:57: note: expanded from macro 'ARM64_FEATURE_MASK'
 1286 |         (GENMASK_ULL(x##_SHIFT + ARM64_FEATURE_FIELD_BITS - 1, x##_SHIFT))
      |                                                                ^~~~~~~~~
<scratch space>:45:1: note: expanded from here
   45 | ID_AA64PFR0_EL1_AMU_SHIFT
      | ^~~~~~~~~~~~~~~~~~~~~~~~~
../arch/arm64/kvm/hyp/nvhe/pkvm.c:100:17: error: use of undeclared identifier 'ID_AA64PFR0_EL1_AMU_SHIFT'
  100 |         if (!FIELD_GET(ARM64_FEATURE_MASK(ID_AA64PFR0_EL1_AMU), feature_ids)) {
      |                        ^~~~~~~~~~~~~~~~~~~~~~~~~~~~~~~~~~~~~~~
../arch/arm64/include/asm/sysreg.h:1286:15: note: expanded from macro 'ARM64_FEATURE_MASK'
 1286 |         (GENMASK_ULL(x##_SHIFT + ARM64_FEATURE_FIELD_BITS - 1, x##_SHIFT))
      |                      ^~~~~~~~~
<scratch space>:44:1: note: expanded from here
   44 | ID_AA64PFR0_EL1_AMU_SHIFT
      | ^~~~~~~~~~~~~~~~~~~~~~~~~
../arch/arm64/kvm/hyp/nvhe/sys_regs.c:192:3: error: use of undeclared identifier 'ID_AA64MMFR0_EL1_PARANGE_40'
  192 |                 PVM_ID_AA64MMFR0_RESTRICT_UNSIGNED);
      |                 ^~~~~~~~~~~~~~~~~~~~~~~~~~~~~~~~~~
../arch/arm64/include/asm/kvm_pkvm.h:218:7: note: expanded from macro 'PVM_ID_AA64MMFR0_RESTRICT_UNSIGNED'
  218 |                     ID_AA64MMFR0_EL1_PARANGE_40) |                             \
      |                     ^~~~~~~~~~~~~~~~~~~~~~~~~~~
../arch/arm64/kvm/hyp/nvhe/pkvm.c:100:17: error: use of undeclared identifier 'ID_AA64PFR0_EL1_AMU_SHIFT'
  100 |         if (!FIELD_GET(ARM64_FEATURE_MASK(ID_AA64PFR0_EL1_AMU), feature_ids)) {
      |                        ^~~~~~~~~~~~~~~~~~~~~~~~~~~~~~~~~~~~~~~
../arch/arm64/include/asm/sysreg.h:1286:57: note: expanded from macro 'ARM64_FEATURE_MASK'
 1286 |         (GENMASK_ULL(x##_SHIFT + ARM64_FEATURE_FIELD_BITS - 1, x##_SHIFT))
      |                                                                ^~~~~~~~~
<scratch space>:45:1: note: expanded from here
   45 | ID_AA64PFR0_EL1_AMU_SHIFT
      | ^~~~~~~~~~~~~~~~~~~~~~~~~
../arch/arm64/kvm/hyp/nvhe/sys_regs.c:192:3: error: use of undeclared identifier 'ID_AA64MMFR0_EL1_PARANGE_40'
  192 |                 PVM_ID_AA64MMFR0_RESTRICT_UNSIGNED);
      |                 ^~~~~~~~~~~~~~~~~~~~~~~~~~~~~~~~~~
../arch/arm64/include/asm/kvm_pkvm.h:218:7: note: expanded from macro 'PVM_ID_AA64MMFR0_RESTRICT_UNSIGNED'
  218 |                     ID_AA64MMFR0_EL1_PARANGE_40) |                             \
      |                     ^~~~~~~~~~~~~~~~~~~~~~~~~~~
../arch/arm64/kvm/hyp/nvhe/pkvm.c:100:17: error: use of undeclared identifier 'ID_AA64PFR0_EL1_AMU_SHIFT'
  100 |         if (!FIELD_GET(ARM64_FEATURE_MASK(ID_AA64PFR0_EL1_AMU), feature_ids)) {
      |                        ^~~~~~~~~~~~~~~~~~~~~~~~~~~~~~~~~~~~~~~
../arch/arm64/include/asm/sysreg.h:1286:15: note: expanded from macro 'ARM64_FEATURE_MASK'
 1286 |         (GENMASK_ULL(x##_SHIFT + ARM64_FEATURE_FIELD_BITS - 1, x##_SHIFT))
      |                      ^~~~~~~~~
<scratch space>:44:1: note: expanded from here
   44 | ID_AA64PFR0_EL1_AMU_SHIFT
      | ^~~~~~~~~~~~~~~~~~~~~~~~~
../arch/arm64/kvm/hyp/nvhe/sys_regs.c:192:3: error: use of undeclared identifier 'ID_AA64MMFR0_EL1_PARANGE_40'
  192 |                 PVM_ID_AA64MMFR0_RESTRICT_UNSIGNED);
      |                 ^~~~~~~~~~~~~~~~~~~~~~~~~~~~~~~~~~
../arch/arm64/include/asm/kvm_pkvm.h:218:7: note: expanded from macro 'PVM_ID_AA64MMFR0_RESTRICT_UNSIGNED'
  218 |                     ID_AA64MMFR0_EL1_PARANGE_40) |                             \
      |                     ^~~~~~~~~~~~~~~~~~~~~~~~~~~
../arch/arm64/kvm/hyp/nvhe/pkvm.c:100:17: error: use of undeclared identifier 'ID_AA64PFR0_EL1_AMU_SHIFT'
  100 |         if (!FIELD_GET(ARM64_FEATURE_MASK(ID_AA64PFR0_EL1_AMU), feature_ids)) {
      |                        ^~~~~~~~~~~~~~~~~~~~~~~~~~~~~~~~~~~~~~~
../arch/arm64/include/asm/sysreg.h:1286:57: note: expanded from macro 'ARM64_FEATURE_MASK'
 1286 |         (GENMASK_ULL(x##_SHIFT + ARM64_FEATURE_FIELD_BITS - 1, x##_SHIFT))
      |                                                                ^~~~~~~~~
<scratch space>:45:1: note: expanded from here
   45 | ID_AA64PFR0_EL1_AMU_SHIFT
      | ^~~~~~~~~~~~~~~~~~~~~~~~~
../arch/arm64/kvm/hyp/nvhe/sys_regs.c:192:3: error: use of undeclared identifier 'ID_AA64MMFR0_EL1_ASIDBITS_16'
  192 |                 PVM_ID_AA64MMFR0_RESTRICT_UNSIGNED);
      |                 ^~~~~~~~~~~~~~~~~~~~~~~~~~~~~~~~~~
../arch/arm64/include/asm/kvm_pkvm.h:220:7: note: expanded from macro 'PVM_ID_AA64MMFR0_RESTRICT_UNSIGNED'
  220 |                     ID_AA64MMFR0_EL1_ASIDBITS_16))
      |                     ^~~~~~~~~~~~~~~~~~~~~~~~~~~~
../arch/arm64/kvm/hyp/nvhe/pkvm.c:100:17: error: use of undeclared identifier 'ID_AA64PFR0_EL1_AMU_SHIFT'
  100 |         if (!FIELD_GET(ARM64_FEATURE_MASK(ID_AA64PFR0_EL1_AMU), feature_ids)) {
      |                        ^~~~~~~~~~~~~~~~~~~~~~~~~~~~~~~~~~~~~~~
../arch/arm64/include/asm/sysreg.h:1286:15: note: expanded from macro 'ARM64_FEATURE_MASK'
 1286 |         (GENMASK_ULL(x##_SHIFT + ARM64_FEATURE_FIELD_BITS - 1, x##_SHIFT))
      |                      ^~~~~~~~~
<scratch space>:44:1: note: expanded from here
   44 | ID_AA64PFR0_EL1_AMU_SHIFT
      | ^~~~~~~~~~~~~~~~~~~~~~~~~
../arch/arm64/kvm/hyp/nvhe/sys_regs.c:192:3: error: use of undeclared identifier 'ID_AA64MMFR0_EL1_ASIDBITS_16'
  192 |                 PVM_ID_AA64MMFR0_RESTRICT_UNSIGNED);
      |                 ^~~~~~~~~~~~~~~~~~~~~~~~~~~~~~~~~~
../arch/arm64/include/asm/kvm_pkvm.h:220:7: note: expanded from macro 'PVM_ID_AA64MMFR0_RESTRICT_UNSIGNED'
  220 |                     ID_AA64MMFR0_EL1_ASIDBITS_16))
      |                     ^~~~~~~~~~~~~~~~~~~~~~~~~~~~
../arch/arm64/kvm/hyp/nvhe/pkvm.c:100:17: error: use of undeclared identifier 'ID_AA64PFR0_EL1_AMU_SHIFT'
  100 |         if (!FIELD_GET(ARM64_FEATURE_MASK(ID_AA64PFR0_EL1_AMU), feature_ids)) {
      |                        ^~~~~~~~~~~~~~~~~~~~~~~~~~~~~~~~~~~~~~~
../arch/arm64/include/asm/sysreg.h:1286:57: note: expanded from macro 'ARM64_FEATURE_MASK'
 1286 |         (GENMASK_ULL(x##_SHIFT + ARM64_FEATURE_FIELD_BITS - 1, x##_SHIFT))
      |                                                                ^~~~~~~~~
<scratch space>:45:1: note: expanded from here
   45 | ID_AA64PFR0_EL1_AMU_SHIFT
      | ^~~~~~~~~~~~~~~~~~~~~~~~~
../arch/arm64/kvm/hyp/nvhe/sys_regs.c:192:3: error: use of undeclared identifier 'ID_AA64MMFR0_EL1_ASIDBITS_16'
  192 |                 PVM_ID_AA64MMFR0_RESTRICT_UNSIGNED);
      |                 ^~~~~~~~~~~~~~~~~~~~~~~~~~~~~~~~~~
../arch/arm64/include/asm/kvm_pkvm.h:220:7: note: expanded from macro 'PVM_ID_AA64MMFR0_RESTRICT_UNSIGNED'
  220 |                     ID_AA64MMFR0_EL1_ASIDBITS_16))
      |                     ^~~~~~~~~~~~~~~~~~~~~~~~~~~~
../arch/arm64/kvm/hyp/nvhe/pkvm.c:100:17: error: use of undeclared identifier 'ID_AA64PFR0_EL1_AMU_SHIFT'
  100 |         if (!FIELD_GET(ARM64_FEATURE_MASK(ID_AA64PFR0_EL1_AMU), feature_ids)) {
      |                        ^~~~~~~~~~~~~~~~~~~~~~~~~~~~~~~~~~~~~~~
../arch/arm64/include/asm/sysreg.h:1286:15: note: expanded from macro 'ARM64_FEATURE_MASK'
 1286 |         (GENMASK_ULL(x##_SHIFT + ARM64_FEATURE_FIELD_BITS - 1, x##_SHIFT))
      |                      ^~~~~~~~~
<scratch space>:44:1: note: expanded from here
   44 | ID_AA64PFR0_EL1_AMU_SHIFT
      | ^~~~~~~~~~~~~~~~~~~~~~~~~
../arch/arm64/kvm/hyp/nvhe/pkvm.c:100:17: error: use of undeclared identifier 'ID_AA64PFR0_EL1_AMU_SHIFT'
  100 |         if (!FIELD_GET(ARM64_FEATURE_MASK(ID_AA64PFR0_EL1_AMU), feature_ids)) {
      |                        ^~~~~~~~~~~~~~~~~~~~~~~~~~~~~~~~~~~~~~~
../arch/arm64/include/asm/sysreg.h:1286:57: note: expanded from macro 'ARM64_FEATURE_MASK'
 1286 |         (GENMASK_ULL(x##_SHIFT + ARM64_FEATURE_FIELD_BITS - 1, x##_SHIFT))
      |                                                                ^~~~~~~~~
<scratch space>:45:1: note: expanded from here
   45 | ID_AA64PFR0_EL1_AMU_SHIFT
      | ^~~~~~~~~~~~~~~~~~~~~~~~~
../arch/arm64/kvm/hyp/nvhe/pkvm.c:100:17: error: use of undeclared identifier 'ID_AA64PFR0_EL1_AMU_SHIFT'
  100 |         if (!FIELD_GET(ARM64_FEATURE_MASK(ID_AA64PFR0_EL1_AMU), feature_ids)) {
      |                        ^~~~~~~~~~~~~~~~~~~~~~~~~~~~~~~~~~~~~~~
../arch/arm64/include/asm/sysreg.h:1286:15: note: expanded from macro 'ARM64_FEATURE_MASK'
 1286 |         (GENMASK_ULL(x##_SHIFT + ARM64_FEATURE_FIELD_BITS - 1, x##_SHIFT))
      |                      ^~~~~~~~~
<scratch space>:44:1: note: expanded from here
   44 | ID_AA64PFR0_EL1_AMU_SHIFT
      | ^~~~~~~~~~~~~~~~~~~~~~~~~
../arch/arm64/kvm/hyp/nvhe/pkvm.c:100:17: error: use of undeclared identifier 'ID_AA64PFR0_EL1_AMU_SHIFT'
  100 |         if (!FIELD_GET(ARM64_FEATURE_MASK(ID_AA64PFR0_EL1_AMU), feature_ids)) {
      |                        ^~~~~~~~~~~~~~~~~~~~~~~~~~~~~~~~~~~~~~~
../arch/arm64/include/asm/sysreg.h:1286:57: note: expanded from macro 'ARM64_FEATURE_MASK'
 1286 |         (GENMASK_ULL(x##_SHIFT + ARM64_FEATURE_FIELD_BITS - 1, x##_SHIFT))
      |                                                                ^~~~~~~~~
<scratch space>:45:1: note: expanded from here
   45 | ID_AA64PFR0_EL1_AMU_SHIFT
      | ^~~~~~~~~~~~~~~~~~~~~~~~~
11 errors generated.
make[5]: *** [../arch/arm64/kvm/hyp/nvhe/Makefile:39: arch/arm64/kvm/hyp/nvhe/sys_regs.nvhe.o] Error 1
../arch/arm64/kvm/hyp/nvhe/pkvm.c:100:17: error: use of undeclared identifier 'ID_AA64PFR0_EL1_AMU_SHIFT'
  100 |         if (!FIELD_GET(ARM64_FEATURE_MASK(ID_AA64PFR0_EL1_AMU), feature_ids)) {
      |                        ^~~~~~~~~~~~~~~~~~~~~~~~~~~~~~~~~~~~~~~
../arch/arm64/include/asm/sysreg.h:1286:15: note: expanded from macro 'ARM64_FEATURE_MASK'
 1286 |         (GENMASK_ULL(x##_SHIFT + ARM64_FEATURE_FIELD_BITS - 1, x##_SHIFT))
      |                      ^~~~~~~~~
<scratch space>:44:1: note: expanded from here
   44 | ID_AA64PFR0_EL1_AMU_SHIFT
      | ^~~~~~~~~~~~~~~~~~~~~~~~~
fatal error: too many errors emitted, stopping now [-ferror-limit=]
20 errors generated.
make[5]: *** [../arch/arm64/kvm/hyp/nvhe/Makefile:39: arch/arm64/kvm/hyp/nvhe/pkvm.nvhe.o] Error 1
make[4]: *** [../scripts/Makefile.build:516: arch/arm64/kvm/hyp/nvhe] Error 2
make[3]: *** [../scripts/Makefile.build:516: arch/arm64/kvm/hyp] Error 2
make[2]: *** [../scripts/Makefile.build:516: arch/arm64/kvm] Error 2
make[1]: *** [/home/rebelpilot89/manaus-kernel/Makefile:1908: arch/arm64] Error 2
make[1]: se sale del directorio '/home/rebelpilot89/manaus-kernel/out'
make: *** [Makefile:185: __sub-make] Error 2
