make[1]: se entra en el directorio '/home/rebelpilot89/manaus-kernel/out'
  GEN     Makefile
../scripts/Makefile.asm-generic:25: redundant generic-y found in arch/arm64/include/asm/Kbuild: set_memory.h
  CALL    ../scripts/atomic/check-atomics.sh
  CALL    ../scripts/checksyscalls.sh
  CHK     include/generated/compile.h
  CC      arch/arm64/kvm/arm.o
  CC      arch/arm64/lib/insn.o
  AR      arch/arm64/lib/lib.a
MTK_GPU_VERSION = mali avalon r49p1
*GPU BM QoS 2.0 QOS Framework defined
*GPU [mtk-Kbuild] building r49p1 DDK ...
*GPU defined GPU BM QoS 2.0 for MT6879
*GPU [mtk-Kbuild] CONFIG_DEBUG_FS = y
*GPU [mtk-Kbuild] CONFIG_PROC_FS = y
*GPU [mtk-Kbuild] CONFIG_MTK_GPU_COMMON_DVFS_SUPPORT = y
*GPU [mtk-Kbuild] CONFIG_MTK_GPU_SUPPORT = y
*GPU [mtk-Kbuild] CONFIG_MTK_GPU_VERSION = "mali avalon r49p1"
*GPU [mtk-Kbuild] MTK_GPU_VERSION = 
*GPU [mtk-Kbuild] MTK_PLATFORM = mt6879
*GPU [mtk-Kbuild] CONFIG_MALI_MIDGARD = y
*GPU [mtk-Kbuild] CONFIG_MALI_PLATFORM_NAME = mt6879
*GPU [mtk-Kbuild] CONFIG_MALI_CSF_SUPPORT = 
*GPU [mtk-Kbuild] CONFIG_MALI_REAL_HW = y
*GPU [mtk-Kbuild] CONFIG_MALI_NO_MALI = 
*GPU [mtk-Kbuild] CONFIG_MALI_DEBUG = y
*GPU [mtk-Kbuild] CONFIG_MALI_MIDGARD_DVFS = y
*GPU [mtk-Kbuild] CONFIG_MALI_DEVFREQ = y
*GPU [mtk-Kbuild] CONFIG_MALI_MTK_DEBUG = y
*GPU [mtk-Kbuild] CONFIG_MALI_MTK_DEBUG_DFD = y
*GPU [mtk-Kbuild] CONFIG_MALI_MTK_MEM_TRACK = y
*GPU [mtk-Kbuild] CONFIG_MALI_MTK_DEVFREQ = y
*GPU [mtk-Kbuild] CONFIG_MALI_MTK_DEVFREQ_THERMAL = y
*GPU [mtk-Kbuild] CONFIG_MALI_MTK_GPU_BM_2 = y
*GPU [mtk-Kbuild] CONFIG_MALI_MTK_BRINGUP = 
*GPU [mtk-Kbuild] CONFIG_MALI_MTK_NO_THERMAL = 
  CC      arch/arm64/kvm/../../../virt/kvm/dirty_ring.o
************  drivers/trusty/mtee-kree mk ************
  CC      arch/arm64/kvm/pmu.o
  CC      arch/arm64/kvm/pkvm.o
  CC      arch/arm64/kvm/iommu.o
../drivers/misc/mediatek/cameraisp/dip/Makefile:14: "isp6s"
..
..
fdvt tina
Tina add dma: 
..
  CC      arch/arm64/kvm/pmu-emul.o
../arch/arm64/kvm/../../../virt/kvm/dirty_ring.c:21:9: error: use of undeclared identifier 'KVM_DIRTY_RING_RSVD_ENTRIES'
   21 |         return KVM_DIRTY_RING_RSVD_ENTRIES + kvm_cpu_dirty_log_size();
      |                ^~~~~~~~~~~~~~~~~~~~~~~~~~~
../arch/arm64/kvm/../../../virt/kvm/dirty_ring.c:66:22: error: invalid application of 'sizeof' to an incomplete type 'struct kvm_dirty_gfn'
   66 |         ring->size = size / sizeof(struct kvm_dirty_gfn);
      |                             ^     ~~~~~~~~~~~~~~~~~~~~~~
../include/linux/kvm_dirty_ring.h:29:9: note: forward declaration of 'struct kvm_dirty_gfn'
   29 |         struct kvm_dirty_gfn *dirty_gfns;
      |                ^
../arch/arm64/kvm/../../../virt/kvm/dirty_ring.c:77:24: error: incomplete definition of type 'struct kvm_dirty_gfn'
   77 |         smp_store_release(&gfn->flags, 0);
      |                            ~~~^
../include/linux/kvm_dirty_ring.h:29:9: note: forward declaration of 'struct kvm_dirty_gfn'
   29 |         struct kvm_dirty_gfn *dirty_gfns;
      |                ^
../arch/arm64/kvm/../../../virt/kvm/dirty_ring.c:77:24: error: incomplete definition of type 'struct kvm_dirty_gfn'
   77 |         smp_store_release(&gfn->flags, 0);
      |                            ~~~^
../include/linux/kvm_dirty_ring.h:29:9: note: forward declaration of 'struct kvm_dirty_gfn'
   29 |         struct kvm_dirty_gfn *dirty_gfns;
      |                ^
../arch/arm64/kvm/../../../virt/kvm/dirty_ring.c:77:24: error: incomplete definition of type 'struct kvm_dirty_gfn'
   77 |         smp_store_release(&gfn->flags, 0);
      |                            ~~~^
../include/linux/kvm_dirty_ring.h:29:9: note: forward declaration of 'struct kvm_dirty_gfn'
   29 |         struct kvm_dirty_gfn *dirty_gfns;
      |                ^
../arch/arm64/kvm/../../../virt/kvm/dirty_ring.c:77:24: error: incomplete definition of type 'struct kvm_dirty_gfn'
   77 |         smp_store_release(&gfn->flags, 0);
      |                            ~~~^
../include/linux/kvm_dirty_ring.h:29:9: note: forward declaration of 'struct kvm_dirty_gfn'
   29 |         struct kvm_dirty_gfn *dirty_gfns;
      |                ^
../arch/arm64/kvm/../../../virt/kvm/dirty_ring.c:77:24: error: incomplete definition of type 'struct kvm_dirty_gfn'
   77 |         smp_store_release(&gfn->flags, 0);
      |                            ~~~^
../include/linux/kvm_dirty_ring.h:29:9: note: forward declaration of 'struct kvm_dirty_gfn'
   29 |         struct kvm_dirty_gfn *dirty_gfns;
      |                ^
../arch/arm64/kvm/../../../virt/kvm/dirty_ring.c:77:24: error: incomplete definition of type 'struct kvm_dirty_gfn'
   77 |         smp_store_release(&gfn->flags, 0);
      |                            ~~~^
../include/linux/kvm_dirty_ring.h:29:9: note: forward declaration of 'struct kvm_dirty_gfn'
   29 |         struct kvm_dirty_gfn *dirty_gfns;
      |                ^
../arch/arm64/kvm/../../../virt/kvm/dirty_ring.c:77:24: error: incomplete definition of type 'struct kvm_dirty_gfn'
   77 |         smp_store_release(&gfn->flags, 0);
      |                            ~~~^
../include/linux/kvm_dirty_ring.h:29:9: note: forward declaration of 'struct kvm_dirty_gfn'
   29 |         struct kvm_dirty_gfn *dirty_gfns;
      |                ^
../arch/arm64/kvm/../../../virt/kvm/dirty_ring.c:77:24: error: incomplete definition of type 'struct kvm_dirty_gfn'
   77 |         smp_store_release(&gfn->flags, 0);
      |                            ~~~^
../include/linux/kvm_dirty_ring.h:29:9: note: forward declaration of 'struct kvm_dirty_gfn'
   29 |         struct kvm_dirty_gfn *dirty_gfns;
      |                ^
../arch/arm64/kvm/../../../virt/kvm/dirty_ring.c:77:24: error: incomplete definition of type 'struct kvm_dirty_gfn'
   77 |         smp_store_release(&gfn->flags, 0);
      |                            ~~~^
../include/linux/kvm_dirty_ring.h:29:9: note: forward declaration of 'struct kvm_dirty_gfn'
   29 |         struct kvm_dirty_gfn *dirty_gfns;
      |                ^
../arch/arm64/kvm/../../../virt/kvm/dirty_ring.c:77:24: error: incomplete definition of type 'struct kvm_dirty_gfn'
   77 |         smp_store_release(&gfn->flags, 0);
      |                            ~~~^
../include/linux/kvm_dirty_ring.h:29:9: note: forward declaration of 'struct kvm_dirty_gfn'
   29 |         struct kvm_dirty_gfn *dirty_gfns;
      |                ^
../arch/arm64/kvm/../../../virt/kvm/dirty_ring.c:77:24: error: incomplete definition of type 'struct kvm_dirty_gfn'
   77 |         smp_store_release(&gfn->flags, 0);
      |                            ~~~^
../include/linux/kvm_dirty_ring.h:29:9: note: forward declaration of 'struct kvm_dirty_gfn'
   29 |         struct kvm_dirty_gfn *dirty_gfns;
      |                ^
../arch/arm64/kvm/../../../virt/kvm/dirty_ring.c:77:24: error: incomplete definition of type 'struct kvm_dirty_gfn'
   77 |         smp_store_release(&gfn->flags, 0);
      |                            ~~~^
../include/linux/kvm_dirty_ring.h:29:9: note: forward declaration of 'struct kvm_dirty_gfn'
   29 |         struct kvm_dirty_gfn *dirty_gfns;
      |                ^
../arch/arm64/kvm/../../../virt/kvm/dirty_ring.c:82:5: error: incomplete definition of type 'struct kvm_dirty_gfn'
   82 |         gfn->flags = KVM_DIRTY_GFN_F_DIRTY;
      |         ~~~^
../include/linux/kvm_dirty_ring.h:29:9: note: forward declaration of 'struct kvm_dirty_gfn'
   29 |         struct kvm_dirty_gfn *dirty_gfns;
      |                ^
../arch/arm64/kvm/../../../virt/kvm/dirty_ring.c:82:15: error: use of undeclared identifier 'KVM_DIRTY_GFN_F_DIRTY'
   82 |         gfn->flags = KVM_DIRTY_GFN_F_DIRTY;
      |                      ^~~~~~~~~~~~~~~~~~~~~
../arch/arm64/kvm/../../../virt/kvm/dirty_ring.c:87:30: error: incomplete definition of type 'struct kvm_dirty_gfn'
   87 |         return smp_load_acquire(&gfn->flags) & KVM_DIRTY_GFN_F_RESET;
      |                                  ~~~^
../include/linux/kvm_dirty_ring.h:29:9: note: forward declaration of 'struct kvm_dirty_gfn'
   29 |         struct kvm_dirty_gfn *dirty_gfns;
      |                ^
../arch/arm64/kvm/../../../virt/kvm/dirty_ring.c:87:30: error: incomplete definition of type 'struct kvm_dirty_gfn'
   87 |         return smp_load_acquire(&gfn->flags) & KVM_DIRTY_GFN_F_RESET;
      |                                  ~~~^
../include/linux/kvm_dirty_ring.h:29:9: note: forward declaration of 'struct kvm_dirty_gfn'
   29 |         struct kvm_dirty_gfn *dirty_gfns;
      |                ^
../arch/arm64/kvm/../../../virt/kvm/dirty_ring.c:87:30: error: incomplete definition of type 'struct kvm_dirty_gfn'
   87 |         return smp_load_acquire(&gfn->flags) & KVM_DIRTY_GFN_F_RESET;
      |                                  ~~~^
../include/linux/kvm_dirty_ring.h:29:9: note: forward declaration of 'struct kvm_dirty_gfn'
   29 |         struct kvm_dirty_gfn *dirty_gfns;
      |                ^
fatal error: too many errors emitted, stopping now [-ferror-limit=]
20 errors generated.
make[3]: *** [../scripts/Makefile.build:273: arch/arm64/kvm/../../../virt/kvm/dirty_ring.o] Error 1
make[3]: *** Se espera a que terminen otras tareas....
mot_dubai_ak7377a-objs : mot_dubai_ak7377.o dw9781_circle_test.o dw9781_i2c.o dw9781.o
../arch/arm64/kvm/pmu.c:40:8: error: no member named 'pmu_events' in 'struct kvm_host_data'
   40 |                 ctx->pmu_events.events_host |= set;
      |                 ~~~  ^
../arch/arm64/kvm/pmu.c:42:8: error: no member named 'pmu_events' in 'struct kvm_host_data'
   42 |                 ctx->pmu_events.events_guest |= set;
      |                 ~~~  ^
../arch/arm64/kvm/pmu.c:55:7: error: no member named 'pmu_events' in 'struct kvm_host_data'
   55 |         ctx->pmu_events.events_host &= ~clr;
      |         ~~~  ^
../arch/arm64/kvm/pmu.c:56:7: error: no member named 'pmu_events' in 'struct kvm_host_data'
   56 |         ctx->pmu_events.events_guest &= ~clr;
      |         ~~~  ^
../arch/arm64/kvm/pmu.c:180:23: error: no member named 'pmu_events' in 'struct kvm_host_data'
  180 |         events_guest = host->pmu_events.events_guest;
      |                        ~~~~  ^
../arch/arm64/kvm/pmu.c:181:22: error: no member named 'pmu_events' in 'struct kvm_host_data'
  181 |         events_host = host->pmu_events.events_host;
      |                       ~~~~  ^
../arch/arm64/kvm/pmu.c:200:23: error: no member named 'pmu_events' in 'struct kvm_host_data'
  200 |         events_guest = host->pmu_events.events_guest;
      |                        ~~~~  ^
../arch/arm64/kvm/pmu.c:201:22: error: no member named 'pmu_events' in 'struct kvm_host_data'
  201 |         events_host = host->pmu_events.events_host;
      |                       ~~~~  ^
8 errors generated.
make[3]: *** [../scripts/Makefile.build:273: arch/arm64/kvm/pmu.o] Error 1
../arch/arm64/kvm/pkvm.c:73:8: error: implicit declaration of function 'memblock_addrs_overlap' [-Werror,-Wimplicit-function-declaration]
   73 |                     !memblock_addrs_overlap(reg->base, reg->size, *pvmfw_base,
      |                      ^
../arch/arm64/kvm/pkvm.c:244:11: error: implicit declaration of function 'kvm_pgtable_stage2_pgd_size' [-Werror,-Wimplicit-function-declaration]
  244 |         pgd_sz = kvm_pgtable_stage2_pgd_size(host_kvm->arch.vtcr);
      |                  ^
../arch/arm64/kvm/pkvm.c:257:12: error: use of undeclared identifier 'PKVM_HYP_VM_SIZE'
  257 |                 size_add(PKVM_HYP_VM_SIZE,
      |                          ^~~~~~~~~~~~~~~~
../arch/arm64/kvm/pkvm.c:258:5: error: implicit declaration of function 'size_mul' [-Werror,-Wimplicit-function-declaration]
  258 |                          size_mul(sizeof(void *), host_kvm->created_vcpus)));
      |                          ^
../arch/arm64/kvm/pkvm.c:257:12: error: use of undeclared identifier 'PKVM_HYP_VM_SIZE'
  257 |                 size_add(PKVM_HYP_VM_SIZE,
      |                          ^~~~~~~~~~~~~~~~
../arch/arm64/kvm/pkvm.c:257:12: error: use of undeclared identifier 'PKVM_HYP_VM_SIZE'
  257 |                 size_add(PKVM_HYP_VM_SIZE,
      |                          ^~~~~~~~~~~~~~~~
../arch/arm64/kvm/pkvm.c:274:8: error: use of undeclared identifier '__KVM_HOST_SMCCC_FUNC___pkvm_init_vm'
  274 |         ret = kvm_call_hyp_nvhe(__pkvm_init_vm, host_kvm, hyp_vm, pgd,
      |               ^~~~~~~~~~~~~~~~~~~~~~~~~~~~~~~~~~~~~~~~~~~~~~~~~~~~~~~~
  275 |                                 last_ran);
      |                                 ~~~~~~~~~
../arch/arm64/include/asm/kvm_host.h:1074:21: note: expanded from macro 'kvm_call_hyp_nvhe'
 1074 |                 arm_smccc_1_1_hvc(KVM_HOST_SMCCC_FUNC(f), ##__VA_ARGS__,       \
      |                                   ^~~~~~~~~~~~~~~~~~~~~~
../arch/arm64/include/asm/kvm_asm.h:46:20: note: expanded from macro 'KVM_HOST_SMCCC_FUNC'
   46 |         KVM_HOST_SMCCC_ID(__KVM_HOST_SMCCC_FUNC_##name)
      |                           ^~~~~~~~~~~~~~~~~~~~~~~~~~~~
<scratch space>:48:1: note: expanded from here
   48 | __KVM_HOST_SMCCC_FUNC___pkvm_init_vm
      | ^~~~~~~~~~~~~~~~~~~~~~~~~~~~~~~~~~~~
../arch/arm64/kvm/pkvm.c:285:2: error: implicit declaration of function 'kvm_account_pgtable_pages' [-Werror,-Wimplicit-function-declaration]
  285 |         kvm_account_pgtable_pages(pgd, pgd_sz >> PAGE_SHIFT);
      |         ^
../arch/arm64/kvm/pkvm.c:288:27: error: use of undeclared identifier 'PKVM_HYP_VCPU_SIZE'
  288 |         hyp_vcpu_sz = PAGE_ALIGN(PKVM_HYP_VCPU_SIZE);
      |                                  ^~~~~~~~~~~~~~~~~~
../arch/arm64/kvm/pkvm.c:288:27: error: use of undeclared identifier 'PKVM_HYP_VCPU_SIZE'
  288 |         hyp_vcpu_sz = PAGE_ALIGN(PKVM_HYP_VCPU_SIZE);
      |                                  ^~~~~~~~~~~~~~~~~~
framesync_drv: frame-sync
virt-sensor: virt-sensor
common_drv : mot_manaus_ov50a_mipi_raw mot_manaus_ov32b_mipi_raw mot_manaus_hi1336_mipi_raw
imgsensor-objs : adaptor-hw.o adaptor-drv.o adaptor-i2c.o adaptor-ctrls.o adaptor-ioctl.o adaptor-common-ctrl.o  frame-sync/frame_sync.o frame-sync/frame_sync_algo.o frame-sync/frame_monitor.o frame-sync/frame_sync_util.o frame-sync/frame_sync_console.o frame-sync/hw_sensor_sync_algo.o frame-sync/custom/custom_hw_sync.o  virt-sensor/virt-sensor-drv.o  common/mot_manaus_ov50a_mipi_raw/mot_ov50amipiraw_Sensor.o common/mot_manaus_ov32b_mipi_raw/mot_manaus_ov32bmipiraw_Sensor.o common/mot_manaus_hi1336_mipi_raw/mot_hi1336mipiraw_Sensor.o
subdir-ccflags-y : -I../drivers/misc/mediatek/imgsensor/inc -I/home/rebelpilot89/manaus-kernel/drivers/misc/mediatek/imgsensor/src-v4l2/ -I../drivers/media/platform/mtk-isp/ -I../drivers/media/platform/mtk-isp/camsys/isp7_1/cam/  -I/home/rebelpilot89/manaus-kernel/drivers/misc/mediatek/imgsensor/src-v4l2/frame-sync  -I/home/rebelpilot89/manaus-kernel/drivers/misc/mediatek/imgsensor/src-v4l2/virt-sensor  -D'IMGSENSOR_SUBDRVS=E(mot_manaus_ov50a_mipi_raw),E(mot_manaus_ov32b_mipi_raw),E(mot_manaus_hi1336_mipi_raw)'
../arch/arm64/kvm/pmu-emul.c:38:7: error: use of undeclared identifier 'ID_AA64DFR0_EL1_PMUVer_IMP'
   38 |         case ID_AA64DFR0_EL1_PMUVer_IMP:
      |              ^~~~~~~~~~~~~~~~~~~~~~~~~~
../arch/arm64/kvm/pkvm.c:288:27: error: use of undeclared identifier 'PKVM_HYP_VCPU_SIZE'
  288 |         hyp_vcpu_sz = PAGE_ALIGN(PKVM_HYP_VCPU_SIZE);
      |                                  ^~~~~~~~~~~~~~~~~~
../arch/arm64/kvm/pmu-emul.c:40:7: error: use of undeclared identifier 'ID_AA64DFR0_EL1_PMUVer_V3P1'
   40 |         case ID_AA64DFR0_EL1_PMUVer_V3P1:
      |              ^~~~~~~~~~~~~~~~~~~~~~~~~~~
../arch/arm64/kvm/pkvm.c:304:9: error: use of undeclared identifier '__KVM_HOST_SMCCC_FUNC___pkvm_init_vcpu'
  304 |                 ret = kvm_call_hyp_nvhe(__pkvm_init_vcpu, handle, host_vcpu,
      |                       ^~~~~~~~~~~~~~~~~~~~~~~~~~~~~~~~~~~~~~~~~~~~~~~~~~~~~~
  305 |                                         hyp_vcpu);
      |                                         ~~~~~~~~~
../arch/arm64/include/asm/kvm_host.h:1074:21: note: expanded from macro 'kvm_call_hyp_nvhe'
 1074 |                 arm_smccc_1_1_hvc(KVM_HOST_SMCCC_FUNC(f), ##__VA_ARGS__,       \
      |                                   ^~~~~~~~~~~~~~~~~~~~~~
../arch/arm64/include/asm/kvm_asm.h:46:20: note: expanded from macro 'KVM_HOST_SMCCC_FUNC'
   46 |         KVM_HOST_SMCCC_ID(__KVM_HOST_SMCCC_FUNC_##name)
      |                           ^~~~~~~~~~~~~~~~~~~~~~~~~~~~
<scratch space>:59:1: note: expanded from here
   59 | __KVM_HOST_SMCCC_FUNC___pkvm_init_vcpu
      | ^~~~~~~~~~~~~~~~~~~~~~~~~~~~~~~~~~~~~~
../arch/arm64/kvm/pmu-emul.c../arch/arm64/kvm/pkvm.c:349:10: error: use of undeclared identifier '__KVM_HOST_SMCCC_FUNC___pkvm_start_teardown_vm'
  349 |         WARN_ON(kvm_call_hyp_nvhe(__pkvm_start_teardown_vm,
      |                 ^~~~~~~~~~~~~~~~~~~~~~~~~~~~~~~~~~~~~~~~~~~
  350 |                                   host_kvm->arch.pkvm.handle));
      |                                   ~~~~~~~~~~~~~~~~~~~~~~~~~~~
../arch/arm64/include/asm/kvm_host.h:1074:21: note: expanded from macro 'kvm_call_hyp_nvhe'
 1074 |                 arm_smccc_1_1_hvc(KVM_HOST_SMCCC_FUNC(f), ##__VA_ARGS__,       \
      |                                   ^~~~~~~~~~~~~~~~~~~~~~
../arch/arm64/include/asm/kvm_asm.h:46:20: note: expanded from macro 'KVM_HOST_SMCCC_FUNC'
   46 |         KVM_HOST_SMCCC_ID(__KVM_HOST_SMCCC_FUNC_##name)
      |                           ^~~~~~~~~~~~~~~~~~~~~~~~~~~~
<scratch space>:66:1: note: expanded from here
   66 | __KVM_HOST_SMCCC_FUNC___pkvm_start_teardown_vm
      | ^~~~~~~~~~~~~~~~~~~~~~~~~~~~~~~~~~~~~~~~~~~~~~
:41:7: error: use of undeclared identifier 'ID_AA64DFR0_EL1_PMUVer_V3P4'
   41 |         case ID_AA64DFR0_EL1_PMUVer_V3P4:
      |              ^~~~~~~~~~~~~~~~~~~~~~~~~~~
../arch/arm64/kvm/pkvm.c:355:11: error: use of undeclared identifier '__KVM_HOST_SMCCC_FUNC___pkvm_reclaim_dying_guest_page'
  355 |                 WARN_ON(kvm_call_hyp_nvhe(__pkvm_reclaim_dying_guest_page,
      |                         ^~~~~~~~~~~~~~~~~~~~~~~~~~~~~~~~~~~~~~~~~~~~~~~~~~
  356 |                                           host_kvm->arch.pkvm.handle,
      |                                           ~~~~~~~~~~~~~~~~~~~~~~~~~~~
  357 |                                           page_to_pfn(ppage->page),
      |                                           ~~~~~~~~~~~~~~~~~~~~~~~~~
  358 |                                           ppage->ipa));
      |                                           ~~~~~~~~~~~
../arch/arm64/include/asm/kvm_host.h:1074:21: note: expanded from macro 'kvm_call_hyp_nvhe'
 1074 |                 arm_smccc_1_1_hvc(KVM_HOST_SMCCC_FUNC(f), ##__VA_ARGS__,       \
      |                                   ^~~~~~~~~~~~~~~~~~~~~~
../arch/arm64/include/asm/kvm_asm.h:46:20: note: expanded from macro 'KVM_HOST_SMCCC_FUNC'
   46 |         KVM_HOST_SMCCC_ID(__KVM_HOST_SMCCC_FUNC_##name)
      |                           ^~~~~~~~~~~~~~~~~~~~~~~~~~~~
<scratch space>:79:1: note: expanded from here
   79 | __KVM_HOST_SMCCC_FUNC___pkvm_reclaim_dying_guest_page
      | ^~~~~~~~~~~~~~~~~~~~~~~~~~~~~~~~~~~~~~~~~~~~~~~~~~~~~
../arch/arm64/kvm/pmu-emul.c:42:7: error: use of undeclared identifier 'ID_AA64DFR0_EL1_PMUVer_V3P5'
   42 |         case ID_AA64DFR0_EL1_PMUVer_V3P5:
      |              ^~~~~~~~~~~~~~~~~~~~~~~~~~~
../arch/arm64/kvm/pkvm.c:368:10: error: use of undeclared identifier '__KVM_HOST_SMCCC_FUNC___pkvm_finalize_teardown_vm'
  368 |         WARN_ON(kvm_call_hyp_nvhe(__pkvm_finalize_teardown_vm,
      |                 ^~~~~~~~~~~~~~~~~~~~~~~~~~~~~~~~~~~~~~~~~~~~~~
  369 |                                   host_kvm->arch.pkvm.handle));
      |                                   ~~~~~~~~~~~~~~~~~~~~~~~~~~~
../arch/arm64/include/asm/kvm_host.h:1074:21: note: expanded from macro 'kvm_call_hyp_nvhe'
 1074 |                 arm_smccc_1_1_hvc(KVM_HOST_SMCCC_FUNC(f), ##__VA_ARGS__,       \
      |                                   ^~~~~~~~~~~~~~~~~~~~~~
../arch/arm64/include/asm/kvm_asm.h:46:20: note: expanded from macro 'KVM_HOST_SMCCC_FUNC'
   46 |         KVM_HOST_SMCCC_ID(__KVM_HOST_SMCCC_FUNC_##name)
      |                           ^~~~~~~~~~~~~~~~~~~~~~~~~~~~
<scratch space>:93:1: note: expanded from here
   93 | __KVM_HOST_SMCCC_FUNC___pkvm_finalize_teardown_vm
      | ^~~~~~~~~~~~~~~~~~~~~~~~~~~~~~~~~~~~~~~~~~~~~~~~~
imgsensor-virt-sensor-objs : imgsensor-glue.o 
subdir-ccflags-y : -I../drivers/misc/mediatek/imgsensor/inc -I/home/rebelpilot89/manaus-kernel/drivers/misc/mediatek/imgsensor/src-v4l2/imgsensor-glue/ 
../arch/arm64/kvm/pmu-emul.c:43:7: error: use of undeclared identifier 'ID_AA64DFR0_EL1_PMUVer_V3P7'
   43 |         case ID_AA64DFR0_EL1_PMUVer_V3P7:
      |              ^~~~~~~~~~~~~~~~~~~~~~~~~~~
../arch/arm64/kvm/pkvm.c:382:15: error: use of undeclared identifier 'KVM_VM_TYPE_ARM_PROTECTED'
  382 |         if (!(type & KVM_VM_TYPE_ARM_PROTECTED))
      |                      ^~~~~~~~~~~~~~~~~~~~~~~~~
../arch/arm64/kvm/pkvm.c:409:9: error: implicit declaration of function 'rb_find' [-Werror,-Wimplicit-function-declaration]
  409 |         node = rb_find((void *)ipa, &host_kvm->arch.pkvm.pinned_pages,
      |                ^
../arch/arm64/kvm/pkvm.c:409:9: note: did you mean 'xa_find'?
../include/linux/xarray.h:355:7: note: 'xa_find' declared here
  355 | void *xa_find(struct xarray *xa, unsigned long *index,
      |       ^
../arch/arm64/kvm/pkvm.c:409:7: error: incompatible integer to pointer conversion assigning to 'struct rb_node *' from 'int' [-Wint-conversion]
  409 |         node = rb_find((void *)ipa, &host_kvm->arch.pkvm.pinned_pages,
      |              ^ ~~~~~~~~~~~~~~~~~~~~~~~~~~~~~~~~~~~~~~~~~~~~~~~~~~~~~~~
  410 |                        rb_ppage_cmp);
      |                        ~~~~~~~~~~~~~
../arch/arm64/kvm/pmu-emul.c:73:26: error: implicit declaration of function 'kvm_pmc_to_vcpu' [-Werror,-Wimplicit-function-declaration]
   73 |         struct kvm_vcpu *vcpu = kvm_pmc_to_vcpu(pmc);
      |                                 ^
../arch/arm64/kvm/pmu-emul.c:73:26: note: did you mean 'kvm_mpidr_to_vcpu'?
../arch/arm64/include/asm/kvm_host.h:1179:18: note: 'kvm_mpidr_to_vcpu' declared here
 1179 | struct kvm_vcpu *kvm_mpidr_to_vcpu(struct kvm *kvm, unsigned long mpidr);
      |                  ^
../arch/arm64/kvm/pmu-emul.c:73:19: error: incompatible integer to pointer conversion initializing 'struct kvm_vcpu *' with an expression of type 'int' [-Wint-conversion]
   73 |         struct kvm_vcpu *vcpu = kvm_pmc_to_vcpu(pmc);
      |                          ^      ~~~~~~~~~~~~~~~~~~~~
../arch/arm64/kvm/pmu-emul.c:143:25: error: static declaration of 'kvm_pmc_to_vcpu' follows non-static declaration
  143 | static struct kvm_vcpu *kvm_pmc_to_vcpu(struct kvm_pmc *pmc)
      |                         ^
../arch/arm64/kvm/pmu-emul.c:73:26: note: previous implicit declaration is here
   73 |         struct kvm_vcpu *vcpu = kvm_pmc_to_vcpu(pmc);
      |                                 ^
../arch/arm64/kvm/pkvm.c:482:2: error: implicit declaration of function 'dcache_clean_poc' [-Werror,-Wimplicit-function-declaration]
  482 |         dcache_clean_poc((unsigned long)addr, (unsigned long)addr + size);
      |         ^
fatal error: too many errors emitted, stopping now [-ferror-limit=]
20 errors generated.
make[3]: *** [../scripts/Makefile.build:273: arch/arm64/kvm/pkvm.o] Error 1
../arch/arm64/kvm/pmu-emul.c:797:41: error: use of undeclared identifier 'ID_AA64DFR0_EL1_PMUVer_IMP_DEF'
  797 |         if (pmu->pmuver == 0 || pmu->pmuver == ID_AA64DFR0_EL1_PMUVer_IMP_DEF)
      |                                                ^~~~~~~~~~~~~~~~~~~~~~~~~~~~~~
../arch/arm64/kvm/pmu-emul.c:851:22: error: use of undeclared identifier 'ID_AA64DFR0_EL1_PMUVer_IMP_DEF'
  851 |                     pmu->pmuver == ID_AA64DFR0_EL1_PMUVer_IMP_DEF)
      |                                    ^~~~~~~~~~~~~~~~~~~~~~~~~~~~~~
../arch/arm64/kvm/pmu-emul.c:876:42: error: use of undeclared identifier 'ID_AA64DFR0_EL1_PMUVer_V3P4'
  876 |                 if (vcpu->kvm->arch.arm_pmu->pmuver >= ID_AA64DFR0_EL1_PMUVer_V3P4)
      |                                                        ^~~~~~~~~~~~~~~~~~~~~~~~~~~
../arch/arm64/kvm/pmu-emul.c:923:13: error: implicit declaration of function 'kvm_arm_pmu_irq_initialized' [-Werror,-Wimplicit-function-declaration]
  923 |         } else if (kvm_arm_pmu_irq_initialized(vcpu)) {
      |                    ^
../arch/arm64/kvm/pmu-emul.c:923:13: note: did you mean 'kvm_arch_intc_initialized'?
../include/linux/kvm_host.h:1155:6: note: 'kvm_arch_intc_initialized' declared here
 1155 | bool kvm_arch_intc_initialized(struct kvm *kvm);
      |      ^
../arch/arm64/kvm/pmu-emul.c:946:8: error: implicit declaration of function 'kvm_arm_pmu_irq_initialized' [-Werror,-Wimplicit-function-declaration]
  946 |                 if (!kvm_arm_pmu_irq_initialized(vcpu))
      |                      ^
../arch/arm64/kvm/pmu-emul.c:973:8: error: implicit declaration of function 'kvm_arm_pmu_irq_initialized' [-Werror,-Wimplicit-function-declaration]
  973 |                 if (!kvm_arm_pmu_irq_initialized(vcpu))
      |                      ^
../arch/arm64/kvm/pmu-emul.c:1055:7: error: implicit declaration of function 'kvm_arm_pmu_irq_initialized' [-Werror,-Wimplicit-function-declaration]
 1055 |                 if (kvm_arm_pmu_irq_initialized(vcpu))
      |                     ^
../arch/arm64/kvm/pmu-emul.c:1106:7: error: use of undeclared identifier 'KVM_ARM_VCPU_PMU_V3_SET_PMU'
 1106 |         case KVM_ARM_VCPU_PMU_V3_SET_PMU: {
      |              ^~~~~~~~~~~~~~~~~~~~~~~~~~~
../arch/arm64/kvm/pmu-emul.c:1135:8: error: implicit declaration of function 'kvm_arm_pmu_irq_initialized' [-Werror,-Wimplicit-function-declaration]
 1135 |                 if (!kvm_arm_pmu_irq_initialized(vcpu))
      |                      ^
../arch/arm64/kvm/pmu-emul.c:1152:7: error: use of undeclared identifier 'KVM_ARM_VCPU_PMU_V3_SET_PMU'
 1152 |         case KVM_ARM_VCPU_PMU_V3_SET_PMU:
      |              ^~~~~~~~~~~~~~~~~~~~~~~~~~~
18 errors generated.
make[3]: *** [../scripts/Makefile.build:273: arch/arm64/kvm/pmu-emul.o] Error 1
make[2]: *** [../scripts/Makefile.build:516: arch/arm64/kvm] Error 2
make[1]: *** [/home/rebelpilot89/manaus-kernel/Makefile:1908: arch/arm64] Error 2
make[1]: *** Se espera a que terminen otras tareas....
os option: linux
$MTK_PLATFORM is [mt6879]
$WLAN_CHIP_ID is [6879]
$MTK_COMBO_CHIP is [CONNAC]
../drivers/misc/mediatek/connectivity/wlan/Makefile:613: wlan_6879_axi build-in boot.img
../drivers/misc/mediatek/ccu/src/Makefile:17: CCU_MAKE_FILE_CALLED_2_1_1
"mt6879"
CCU_MAKE_FILE_CALLED
y

mt6879


..
"imgsys, subdir-ccflags-y = -DWPE_TF_DUMP_71_2 -DONEPIXEL_MODE"
"imgsys, subdir-ccflags-y = -DTF_DUMP_71_2"
"CONFIG_MICROTRUST_TEE_VERSION="400""
"CONFIG_MICROTRUST_TEE_SUPPORT=y"
"CONFIG_MICROTRUST_TZ_DRIVER=y"
"CONFIG_MICROTRUST_VFS_DRIVER=y"
"CONFIG_MICROTRUST_FP_DRIVER=y"
"CONFIG_MICROTRUST_DEBUG="
"CONFIG_MICROTRUST_TEST_DRIVERS="
"-----------CONFIG_MTPROF="
"-----------MICROTRUST_TZ_DRIVER_MTK_BOOTPROF="
"whf src=drivers/tee/teei/400"
"whf subdir-ccflags-y=-I../drivers/tee/teei/400/common/include"
"whf ccflags-y="
"=----------------1---------------------------"
"=----------------2---------------------------"
-- KernelSU-Next Git repo detected at: /home/rebelpilot89/manaus-kernel/drivers/kernelsu
-- KernelSU-Next version: 33024
-- KernelSU-Next tag: v3.1.0
-- KernelSU-Next Manager signature size: 0x3e6
-- KernelSU-Next Manager signature hash: 79e590113c4c4c0c222978e413a5faa801666957b1212a328e46c00c69821bf7
make[1]: se sale del directorio '/home/rebelpilot89/manaus-kernel/out'
make: *** [Makefile:185: __sub-make] Error 2
