make[1]: se entra en el directorio '/home/rebelpilot89/manaus-kernel/out'
  GEN     Makefile
../scripts/Makefile.asm-generic:25: redundant generic-y found in arch/arm64/include/asm/Kbuild: set_memory.h
  CALL    ../scripts/atomic/check-atomics.sh
  CALL    ../scripts/checksyscalls.sh
  CHK     include/generated/compile.h
  CC      arch/arm64/kvm/hyp/nvhe/psci-relay.nvhe.o
  CC      block/blk-mq-virtio.o
  CC      kernel/locking/qspinlock.o
  CC      crypto/ghash-generic.o
  CC      kernel/sched/cpudeadline.o
  CC      kernel/sched/topology.o
  CC      crypto/af_alg.o
  CC      fs/fhandle.o
  CC      kernel/locking/rtmutex.o
../arch/arm64/kvm/hyp/nvhe/psci-relay.c:35:58: error: variable has incomplete type 'enum pkvm_psci_notification'
   35 | static void pkvm_psci_notify(enum pkvm_psci_notification notif, struct kvm_cpu_context *host_ctxt)
      |                                                          ^
../arch/arm64/kvm/hyp/include/nvhe/modules.h:11:6: note: forward declaration of 'enum pkvm_psci_notification'
   11 | enum pkvm_psci_notification;
      |      ^
../arch/arm64/kvm/hyp/nvhe/psci-relay.c:199:19: error: use of undeclared identifier 'PKVM_PSCI_CPU_SUSPEND'; did you mean 'PKVM_IOMMU_PM_SUSPEND'?
  199 |         pkvm_psci_notify(PKVM_PSCI_CPU_SUSPEND, host_ctxt);
      |                          ^~~~~~~~~~~~~~~~~~~~~
      |                          PKVM_IOMMU_PM_SUSPEND
../arch/arm64/include/asm/kvm_host.h:394:2: note: 'PKVM_IOMMU_PM_SUSPEND' declared here
  394 |         PKVM_IOMMU_PM_SUSPEND,
      |         ^
../arch/arm64/kvm/hyp/nvhe/psci-relay.c:199:19: error: argument type 'enum pkvm_psci_notification' is incomplete
  199 |         pkvm_psci_notify(PKVM_PSCI_CPU_SUSPEND, host_ctxt);
      |                          ^~~~~~~~~~~~~~~~~~~~~
../arch/arm64/kvm/hyp/include/nvhe/modules.h:11:6: note: forward declaration of 'enum pkvm_psci_notification'
   11 | enum pkvm_psci_notification;
      |      ^
../arch/arm64/kvm/hyp/nvhe/psci-relay.c:229:19: error: use of undeclared identifier 'PKVM_PSCI_SYSTEM_SUSPEND'
  229 |         pkvm_psci_notify(PKVM_PSCI_SYSTEM_SUSPEND, host_ctxt);
      |                          ^~~~~~~~~~~~~~~~~~~~~~~~
../arch/arm64/kvm/hyp/nvhe/psci-relay.c:257:19: error: use of undeclared identifier 'PKVM_PSCI_CPU_ENTRY'
  257 |         pkvm_psci_notify(PKVM_PSCI_CPU_ENTRY, host_ctxt);
      |                          ^~~~~~~~~~~~~~~~~~~
5 errors generated.
make[5]: *** [../arch/arm64/kvm/hyp/nvhe/Makefile.nvhe:31: arch/arm64/kvm/hyp/nvhe/psci-relay.nvhe.o] Error 1
make[4]: *** [../scripts/Makefile.build:516: arch/arm64/kvm/hyp/nvhe] Error 2
make[3]: *** [../scripts/Makefile.build:516: arch/arm64/kvm/hyp] Error 2
make[2]: *** [../scripts/Makefile.build:516: arch/arm64/kvm] Error 2
make[1]: *** [/home/rebelpilot89/manaus-kernel/Makefile:1908: arch/arm64] Error 2
make[1]: *** Se espera a que terminen otras tareas....
  CC      kernel/power/process.o
  CC      kernel/power/suspend.o
  CC      block/blk-mq-debugfs.o
  CC      kernel/locking/qrwlock.o
  CC      fs/iomap/trace.o
  AR      kernel/locking/built-in.a
  CC      kernel/power/hibernate.o
  CC      crypto/algif_rng.o
  CC      crypto/ecc.o
  CC      kernel/sched/stop_task.o
  CC      block/blk-pm.o
  CC      kernel/power/snapshot.o
  CC      kernel/printk/printk_safe.o
  CC      fs/iomap/apply.o
  CC      kernel/power/swap.o
  CC      block/mq-deadline-cgroup.o
  CC      kernel/printk/printk_ringbuffer.o
  CC      crypto/essiv.o
  CC      kernel/irq/handle.o
  CC      kernel/sched/pelt.o
  CC      fs/quota/dquot.o
  AR      kernel/printk/built-in.a
  CC      kernel/rcu/update.o
  CC      fs/iomap/buffered-io.o
  CC      kernel/power/user.o
  CC      kernel/irq/manage.o
  AR      block/built-in.a
  CC      crypto/ecdh.o
  CC      fs/proc/task_mmu.o
  CC      crypto/ecdh_helper.o
  CC      kernel/sched/autogroup.o
  CC      fs/quota/quota.o
  CC      kernel/irq/spurious.o
  CC      kernel/power/poweroff.o
  CC      kernel/rcu/sync.o
  CC      fs/iomap/direct-io.o
  CC      crypto/asymmetric_keys/asymmetric_type.o
  CC      kernel/power/wakeup_reason.o
  CC      kernel/rcu/srcutree.o
  CC      kernel/irq/resend.o
  CC      fs/proc/inode.o
  CC      crypto/asymmetric_keys/restrict.o
  CC      fs/quota/kqid.o
  CC      fs/iomap/fiemap.o
  CC      kernel/sched/cpuacct.o
  CC      kernel/rcu/tree.o
  CC      kernel/irq/chip.o
  CC      kernel/power/energy_model.o
  AR      fs/quota/built-in.a
  CC      kernel/irq/dummychip.o
  CC      crypto/asymmetric_keys/signature.o
  CC      fs/proc/root.o
  CC      fs/iomap/seek.o
  AR      kernel/power/built-in.a
  CC      kernel/irq/devres.o
  CC      kernel/sched/cpufreq.o
  CC      crypto/asymmetric_keys/public_key.o
  CC      kernel/rcu/rcu_segcblist.o
  CC      fs/proc/base.o
  CC      fs/kernfs/mount.o
  CC      fs/iomap/swapfile.o
  CC      kernel/irq/autoprobe.o
  CC      crypto/lzo-rle.o
  CC      crypto/asymmetric_keys/x509_cert_parser.o
  CC      fs/kernfs/inode.o
  CC      kernel/sched/cpufreq_schedutil.o
  CC      crypto/asymmetric_keys/x509_public_key.o
  CC      kernel/irq/irqdomain.o
  CC      kernel/dma/mapping.o
  AR      fs/iomap/built-in.a
  AR      kernel/rcu/built-in.a
  CC      kernel/entry/kvm.o
  CC      kernel/sched/membarrier.o
  CC      fs/proc/generic.o
  CC      crypto/asymmetric_keys/pkcs7_parser.o
  CC      fs/kernfs/dir.o
  CC      kernel/dma/direct.o
  AR      kernel/entry/built-in.a
  CC      kernel/irq/irq_sim.o
  CC      fs/sysfs/file.o
  CC      fs/proc/array.o
  CC      crypto/asymmetric_keys/pkcs7_trust.o
  CC      kernel/irq/proc.o
  CC      fs/configfs/inode.o
  CC      kernel/sched/isolation.o
  CC      fs/sysfs/dir.o
  CC      fs/kernfs/file.o
  CC      kernel/dma/ops_helpers.o
  CC      crypto/asymmetric_keys/pkcs7_verify.o
  AR      crypto/asymmetric_keys/built-in.a
  CC      fs/proc/fd.o
  AR      crypto/built-in.a
  CC      fs/sysfs/symlink.o
  CC      kernel/kcmp.o
  CC      kernel/irq/cpuhotplug.o
  CC      kernel/dma/dummy.o
  CC      fs/configfs/file.o
  CC      fs/kernfs/symlink.o
  CC      kernel/irq/pm.o
  CC      fs/sysfs/mount.o
  CC      kernel/sched/psi.o
  CC      fs/proc/proc_tty.o
  CC      fs/devpts/inode.o
  CC      kernel/dma/contiguous.o
  CC      fs/configfs/dir.o
  AR      fs/kernfs/built-in.a
  CC      kernel/sched/core.o
  CC      fs/proc/cmdline.o
  CC      fs/sysfs/group.o
  CC      kernel/irq/msi.o
  AR      fs/devpts/built-in.a
  CC      kernel/dma/coherent.o
  CC      fs/configfs/symlink.o
  CC      fs/proc/consoles.o
  AR      fs/sysfs/built-in.a
  CC      kernel/irq/ipi.o
  CC      fs/configfs/mount.o
  CC      kernel/sched/wait.o
  CC      kernel/freezer.o
  CC      fs/proc/cpuinfo.o
  CC      kernel/irq/affinity.o
  CC      kernel/dma/swiotlb.o
  CC      fs/configfs/item.o
  CC      fs/dcookies.o
  CC      fs/proc/devices.o
  AR      kernel/irq/built-in.a
  CC      kernel/dma/pool.o
  AR      fs/configfs/built-in.a
  CC      fs/jbd2/transaction.o
  CC      fs/ext4/balloc.o
  CC      kernel/profile.o
  CC      fs/squashfs/block.o
  CC      fs/proc/interrupts.o
  CC      fs/proc/loadavg.o
  AR      kernel/sched/built-in.a
  CC      kernel/stacktrace.o
  CC      kernel/dma/remap.o
  CC      fs/squashfs/cache.o
  CC      fs/ext4/bitmap.o
  CC      fs/jbd2/commit.o
  CC      fs/proc/meminfo.o
  CC      fs/ramfs/inode.o
  CC      fs/fat/cache.o
  AR      kernel/dma/built-in.a
  CC      kernel/time/time.o
  CC      fs/squashfs/dir.o
  CC      fs/ext4/block_validity.o
  CC      fs/ramfs/file-mmu.o
  CC      fs/fat/dir.o
  CC      fs/squashfs/export.o
  CC      fs/nfs/client.o
  CC      fs/jbd2/recovery.o
  CC      fs/proc/stat.o
  CC      kernel/time/timer.o
  CC      fs/squashfs/file.o
  AR      fs/ramfs/built-in.a
  CC      fs/ext4/dir.o
  CC      kernel/futex/core.o
  CC      fs/proc/uptime.o
  CC      fs/fat/fatent.o
  CC      fs/jbd2/checkpoint.o
  CC      fs/proc/util.o
  CC      fs/squashfs/fragment.o
  CC      fs/ext4/ext4_jbd2.o
  CC      fs/nfs/dir.o
  CC      kernel/time/hrtimer.o
  CC      fs/proc/version.o
  CC      fs/fat/file.o
  CC      fs/squashfs/id.o
  AR      kernel/futex/built-in.a
  CC      fs/squashfs/inode.o
  CC      fs/jbd2/revoke.o
  CC      fs/proc/softirqs.o
  CC      kernel/time/timekeeping.o
  CC      fs/squashfs/namei.o
  CC      kernel/smp.o
  CC      fs/fat/inode.o
  CC      fs/proc/namespaces.o
  CC      fs/ext4/extents.o
  CC      fs/jbd2/journal.o
  CC      fs/squashfs/super.o
  CC      fs/nfs/file.o
  CC      kernel/time/ntp.o
  CC      fs/nfs/getroot.o
  CC      fs/proc/self.o
  CC      fs/fat/misc.o
  CC      fs/squashfs/symlink.o
  CC      kernel/time/clocksource.o
  CC      fs/proc/thread_self.o
  AR      fs/jbd2/built-in.a
  CC      kernel/uid16.o
  CC      fs/fat/nfs.o
  CC      fs/ext4/extents_status.o
  CC      fs/squashfs/decompressor.o
  CC      fs/proc/proc_sysctl.o
  CC      kernel/time/jiffies.o
  CC      fs/nfs/inode.o
  CC      fs/exportfs/expfs.o
  CC      fs/fat/namei_vfat.o
  CC      fs/squashfs/file_cache.o
  CC      fs/ext4/file.o
  CC      kernel/time/timer_list.o
  AR      fs/exportfs/built-in.a
  CC      fs/nfs/super.o
  CC      fs/proc/proc_net.o
  CC      fs/squashfs/decompressor_single.o
  AR      fs/fat/built-in.a
  CC      kernel/module.o
  CC      kernel/time/timeconv.o
  CC      fs/nfs/io.o
  CC      fs/proc/vmcore.o
  CC      fs/ext4/fsmap.o
  CC      fs/squashfs/zlib_wrapper.o
  CC      kernel/time/alarmtimer.o
  CC      fs/lockd/clntlock.o
  CC      fs/nls/nls_base.o
  AR      fs/squashfs/built-in.a
  CC      fs/proc/kmsg.o
  CC      fs/ext4/fsync.o
  CC      fs/nfs/direct.o
  CC      kernel/time/posix-timers.o
  CC      fs/nls/nls_cp437.o
  CC      fs/proc/page.o
  CC      fs/autofs/init.o
  CC      fs/lockd/clntproc.o
  CC      fs/nls/nls_iso8859-1.o
  CC      fs/fuse/dev.o
  CC      fs/autofs/inode.o
  CC      kernel/time/posix-cpu-timers.o
  AR      fs/nls/built-in.a
  CC      fs/autofs/root.o
  CC      fs/ext4/hash.o
  CC      fs/nfs/pagelist.o
  AR      fs/proc/built-in.a
  CC      fs/ext4/ialloc.o
  CC      fs/lockd/clntxdr.o
  CC      fs/fuse/dir.o
  CC      kernel/time/posix-clock.o
  CC      fs/autofs/symlink.o
  CC      kernel/kallsyms.o
  CC      fs/lockd/host.o
  CC      fs/autofs/waitq.o
  CC      kernel/time/itimer.o
  CC      fs/fuse/file.o
  CC      fs/lockd/svc.o
  CC      fs/autofs/expire.o
  CC      fs/nfs/read.o
  CC      fs/overlayfs/super.o
  CC      fs/ext4/indirect.o
  CC      kernel/time/clockevents.o
  CC      fs/autofs/dev-ioctl.o
  CC      kernel/acct.o
  CC      fs/lockd/svclock.o
  CC      fs/fuse/inode.o
  CC      kernel/time/tick-common.o
  AR      fs/autofs/built-in.a
  CC      kernel/crash_core.o
  CC      fs/overlayfs/namei.o
  CC      fs/ext4/inline.o
  CC      fs/9p/vfs_super.o
  CC      fs/nfs/symlink.o
  CC      fs/fuse/control.o
  CC      fs/overlayfs/util.o
  CC      fs/fuse/xattr.o
  CC      kernel/time/tick-broadcast.o
  CC      fs/ext4/inode.o
  CC      fs/9p/vfs_inode.o
  CC      fs/debugfs/inode.o
  CC      fs/lockd/svcshare.o
  CC      fs/overlayfs/inode.o
  CC      fs/fuse/acl.o
  CC      kernel/time/tick-broadcast-hrtimer.o
  CC      fs/nfs/unlink.o
  CC      fs/debugfs/file.o
  CC      kernel/time/sched_clock.o
  CC      fs/overlayfs/file.o
  CC      fs/fuse/readdir.o
  CC      fs/lockd/svcproc.o
  CC      fs/9p/vfs_inode_dotl.o
  CC      kernel/time/tick-oneshot.o
  AR      fs/debugfs/built-in.a
  CC      kernel/kexec_core.o
  CC      fs/overlayfs/dir.o
  CC      fs/fuse/passthrough.o
  CC      kernel/time/tick-sched.o
  CC      fs/ext4/ioctl.o
  CC      fs/nfs/write.o
  CC      fs/overlayfs/readdir.o
  CC      fs/9p/vfs_addr.o
  CC      fs/tracefs/inode.o
  CC      fs/lockd/svcsubs.o
  CC      fs/fuse/cuse.o
  CC      fs/overlayfs/copy_up.o
  CC      kernel/time/vsyscall.o
  AR      fs/tracefs/built-in.a
  CC      fs/f2fs/dir.o
  CC      fs/9p/vfs_file.o
  CC      fs/fuse/virtio_fs.o
  CC      fs/ext4/mballoc.o
  CC      kernel/time/timekeeping_debug.o
  CC      fs/lockd/mon.o
  CC      fs/overlayfs/export.o
  CC      fs/nfs/namespace.o
  AR      fs/overlayfs/built-in.a
  CC      kernel/kexec.o
  CC      kernel/time/namespace.o
  CC      fs/9p/vfs_dir.o
  AR      fs/fuse/built-in.a
  CC      fs/pstore/inode.o
  CC      fs/lockd/xdr.o
  CC      fs/f2fs/file.o
  AR      kernel/time/built-in.a
  CC      kernel/kexec_file.o
  CC      fs/nfs/mount_clnt.o
  CC      fs/f2fs/inode.o
  CC      fs/pstore/platform.o
  CC      fs/9p/vfs_dentry.o
  CC      fs/ext4/migrate.o
  CC      kernel/compat.o
  CC      fs/lockd/clnt4xdr.o
  AR      fs/pstore/built-in.a
  CC      fs/lockd/xdr4.o
  CC      fs/nfs/nfstrace.o
  CC      fs/9p/v9fs.o
  CC      kernel/cgroup/cgroup.o
  CC      fs/ext4/mmp.o
  CC      fs/efivarfs/inode.o
  CC      fs/f2fs/namei.o
  CC      fs/f2fs/hash.o
  CC      fs/lockd/svc4proc.o
  CC      fs/9p/fid.o
  CC      fs/efivarfs/file.o
  CC      fs/ext4/move_extent.o
  CC      kernel/cgroup/rstat.o
  CC      fs/nfs/export.o
  CC      fs/efivarfs/super.o
  CC      fs/9p/xattr.o
  CC      fs/f2fs/super.o
  CC      fs/ext4/namei.o
  CC      fs/lockd/procfs.o
  AR      fs/efivarfs/built-in.a
  CC      fs/nfs/sysfs.o
  CC      fs/nfs/fs_context.o
  AR      fs/9p/built-in.a
  CC      kernel/utsname.o
  CC      kernel/cgroup/namespace.o
  AR      fs/lockd/built-in.a
  CC      fs/f2fs/inline.o
  CC      fs/ext4/page-io.o
  CC      fs/nfs/nfsroot.o
  CC      kernel/cgroup/cgroup-v1.o
  CC      fs/f2fs/checkpoint.o
  CC      kernel/user_namespace.o
  CC      fs/ext4/readpage.o
  CC      fs/nfs/sysctl.o
  CC      fs/ext4/resize.o
  CC      fs/ext4/super.o
  CC      kernel/cgroup/freezer.o
  CC      fs/f2fs/gc.o
  CC      fs/nfs/nfs2super.o
  CC      fs/ext4/symlink.o
  CC      kernel/cgroup/pids.o
  CC      kernel/pid_namespace.o
  CC      fs/nfs/proc.o
  CC      kernel/cgroup/cpuset.o
  CC      fs/ext4/sysfs.o
  CC      fs/f2fs/data.o
  CC      fs/f2fs/node.o
  CC      fs/nfs/nfs2xdr.o
  CC      fs/ext4/xattr.o
  CC      fs/f2fs/segment.o
  AR      kernel/cgroup/built-in.a
  CC      kernel/stop_machine.o
  CC      fs/nfs/nfs3super.o
  CC      fs/f2fs/recovery.o
  CC      kernel/audit.o
  CC      fs/nfs/nfs3client.o
  CC      fs/ext4/xattr_hurd.o
  CC      kernel/auditfilter.o
  CC      fs/ext4/xattr_trusted.o
  CC      fs/f2fs/shrinker.o
  CC      fs/ext4/xattr_user.o
  CC      kernel/auditsc.o
  CC      fs/nfs/nfs3proc.o
  CC      fs/ext4/fast_commit.o
  CC      fs/nfs/nfs3xdr.o
  CC      fs/f2fs/extent_cache.o
  CC      fs/ext4/acl.o
  CC      fs/nfs/nfs4proc.o
  CC      fs/f2fs/sysfs.o
  CC      kernel/audit_watch.o
  CC      fs/ext4/xattr_security.o
  CC      fs/f2fs/debug.o
  CC      kernel/audit_fsnotify.o
  CC      fs/nfs/nfs4xdr.o
  CC      kernel/audit_tree.o
  CC      fs/ext4/verity.o
  CC      fs/f2fs/xattr.o
  CC      fs/nfs/nfs4state.o
  CC      fs/f2fs/acl.o
  CC      kernel/kprobes.o
  AR      fs/ext4/built-in.a
  CC      fs/nfs/nfs4renewd.o
  CC      fs/f2fs/verity.o
  CC      fs/nfs/nfs4super.o
  CC      kernel/seccomp.o
  CC      fs/nfs/nfs4file.o
  CC      fs/f2fs/compress.o
  CC      fs/nfs/delegation.o
  CC      kernel/utsname_sysctl.o
  CC      kernel/delayacct.o
  CC      fs/nfs/nfs4idmap.o
  CC      kernel/taskstats.o
  CC      kernel/tsacct.o
  CC      fs/nfs/callback.o
  CC      kernel/tracepoint.o
  CC      kernel/trace/trace_clock.o
  CC      fs/nfs/callback_xdr.o
  CC      fs/nfs/callback_proc.o
  AR      fs/f2fs/built-in.a
  CC      kernel/irq_work.o
  CC      kernel/trace/ring_buffer.o
  CC      fs/nfs/nfs4namespace.o
  CC      fs/nfs/nfs4getroot.o
  CC      kernel/trace/trace.o
  CC      kernel/cpu_pm.o
  CC      kernel/trace/trace_output.o
  CC      fs/nfs/nfs4client.o
  CC      fs/nfs/nfs4session.o
  CC      kernel/bpf/core.o
  CC      kernel/trace/trace_seq.o
  CC      kernel/scs.o
  CC      kernel/bpf/trampoline.o
  CC      kernel/cfi.o
  CC      kernel/events/core.o
  CC      kernel/trace/trace_stat.o
  CC      kernel/crash_dump.o
  CC      kernel/bpf/dispatcher.o
  CC      kernel/events/ring_buffer.o
  CC      fs/nfs/dns_resolve.o
  CC      kernel/trace/trace_printk.o
  CC      kernel/jump_label.o
  CC      kernel/trace/trace_sched_switch.o
  CC      fs/nfs/nfs4trace.o
  CC      kernel/trace/trace_nop.o
  AR      kernel/bpf/built-in.a
  CC      kernel/iomem.o
  CC      kernel/trace/blktrace.o
  CC      kernel/events/callchain.o
  CC      kernel/rseq.o
  CC      kernel/events/hw_breakpoint.o
  CC      fs/nfs/nfs4sysctl.o
  CC      kernel/configs.o
  CC      fs/nfs/pnfs.o
  CC      kernel/trace/trace_events.o
  CC      fs/nfs/pnfs_dev.o
  CC      kernel/trace/trace_export.o
  CC      fs/nfs/pnfs_nfs.o
  AR      kernel/events/built-in.a
  CC      kernel/trace/trace_event_perf.o
  CC      kernel/trace/trace_events_filter.o
  CC      kernel/trace/trace_events_trigger.o
  CC      fs/nfs/nfs42proc.o
  CC      fs/nfs/nfs42xattr.o
  CC      kernel/trace/trace_kprobe.o
  CC      fs/nfs/filelayout/filelayout.o
  CC      fs/nfs/filelayout/filelayoutdev.o
  CC      fs/nfs/blocklayout/blocklayout.o
  CC      fs/nfs/flexfilelayout/flexfilelayout.o
  CC      kernel/trace/error_report-traces.o
  CC      fs/nfs/blocklayout/dev.o
  CC      fs/nfs/flexfilelayout/flexfilelayoutdev.o
  CC      fs/nfs/blocklayout/extent_tree.o
  CC      kernel/trace/power-traces.o
  CC      kernel/trace/rpm-traces.o
  AR      fs/nfs/filelayout/built-in.a
  CC      fs/nfs/blocklayout/rpc_pipefs.o
  CC      kernel/trace/trace_dynevent.o
  CC      kernel/trace/trace_probe.o
  AR      fs/nfs/flexfilelayout/built-in.a
  AR      fs/nfs/blocklayout/built-in.a
  AR      fs/nfs/built-in.a
  AR      fs/built-in.a
  AR      kernel/trace/built-in.a
  AR      kernel/built-in.a
make[1]: se sale del directorio '/home/rebelpilot89/manaus-kernel/out'
make: *** [Makefile:185: __sub-make] Error 2
