make[1]: se entra en el directorio '/home/rebelpilot89/manaus-kernel/out'
  GEN     Makefile
../scripts/Makefile.asm-generic:25: redundant generic-y found in arch/arm64/include/asm/Kbuild: set_memory.h
  CALL    ../scripts/atomic/check-atomics.sh
  CALL    ../scripts/checksyscalls.sh
  CHK     include/generated/compile.h
  AS      arch/arm64/kernel/head.o
  CC      arch/arm64/kvm/hyp/nvhe/mem_protect.nvhe.o
  LD      arch/arm64/kvm/hyp/nvhe/kvm_nvhe.tmp.o
  HYPREL  arch/arm64/kvm/hyp/nvhe/hyp-reloc.S
  AS      arch/arm64/kvm/hyp/nvhe/hyp-reloc.o
MTK_GPU_VERSION = mali avalon r49p1
  LD      arch/arm64/kvm/hyp/nvhe/kvm_nvhe.rel.o
  HYPCOPY arch/arm64/kvm/hyp/nvhe/kvm_nvhe.o
  AR      arch/arm64/kvm/hyp/nvhe/built-in.a
  AR      arch/arm64/kvm/hyp/built-in.a
  AR      arch/arm64/kvm/built-in.a
  AR      arch/arm64/built-in.a
*GPU BM QoS 2.0 QOS Framework defined
*GPU [mtk-Kbuild] building r49p1 DDK ...
*GPU defined GPU BM QoS 2.0 for MT6879
*GPU [mtk-Kbuild] CONFIG_DEBUG_FS = y
*GPU [mtk-Kbuild] CONFIG_PROC_FS = y
*GPU [mtk-Kbuild] CONFIG_MTK_GPU_COMMON_DVFS_SUPPORT = y
*GPU [mtk-Kbuild] CONFIG_MTK_GPU_SUPPORT = y
*GPU [mtk-Kbuild] CONFIG_MTK_GPU_VERSION = "mali avalon r49p1"
*GPU [mtk-Kbuild] MTK_GPU_VERSION = 
*GPU [mtk-Kbuild] MTK_PLATFORM = mt6879
*GPU [mtk-Kbuild] CONFIG_MALI_MIDGARD = y
*GPU [mtk-Kbuild] CONFIG_MALI_PLATFORM_NAME = mt6879
*GPU [mtk-Kbuild] CONFIG_MALI_CSF_SUPPORT = 
*GPU [mtk-Kbuild] CONFIG_MALI_REAL_HW = y
*GPU [mtk-Kbuild] CONFIG_MALI_NO_MALI = 
*GPU [mtk-Kbuild] CONFIG_MALI_DEBUG = y
*GPU [mtk-Kbuild] CONFIG_MALI_MIDGARD_DVFS = y
*GPU [mtk-Kbuild] CONFIG_MALI_DEVFREQ = y
*GPU [mtk-Kbuild] CONFIG_MALI_MTK_DEBUG = y
*GPU [mtk-Kbuild] CONFIG_MALI_MTK_DEBUG_DFD = y
*GPU [mtk-Kbuild] CONFIG_MALI_MTK_MEM_TRACK = y
*GPU [mtk-Kbuild] CONFIG_MALI_MTK_DEVFREQ = y
*GPU [mtk-Kbuild] CONFIG_MALI_MTK_DEVFREQ_THERMAL = y
*GPU [mtk-Kbuild] CONFIG_MALI_MTK_GPU_BM_2 = y
*GPU [mtk-Kbuild] CONFIG_MALI_MTK_BRINGUP = 
*GPU [mtk-Kbuild] CONFIG_MALI_MTK_NO_THERMAL = 
************  drivers/trusty/mtee-kree mk ************
../drivers/misc/mediatek/cameraisp/dip/Makefile:14: "isp6s"
..
..
fdvt tina
Tina add dma: 
  AR      drivers/misc/mediatek/cmdq/mailbox/built-in.a
  AR      drivers/misc/mediatek/cmdq/built-in.a
..
mot_dubai_ak7377a-objs : mot_dubai_ak7377.o dw9781_circle_test.o dw9781_i2c.o dw9781.o
framesync_drv: frame-sync
virt-sensor: virt-sensor
common_drv : mot_manaus_ov50a_mipi_raw mot_manaus_ov32b_mipi_raw mot_manaus_hi1336_mipi_raw
imgsensor-objs : adaptor-hw.o adaptor-drv.o adaptor-i2c.o adaptor-ctrls.o adaptor-ioctl.o adaptor-common-ctrl.o  frame-sync/frame_sync.o frame-sync/frame_sync_algo.o frame-sync/frame_monitor.o frame-sync/frame_sync_util.o frame-sync/frame_sync_console.o frame-sync/hw_sensor_sync_algo.o frame-sync/custom/custom_hw_sync.o  virt-sensor/virt-sensor-drv.o  common/mot_manaus_ov50a_mipi_raw/mot_ov50amipiraw_Sensor.o common/mot_manaus_ov32b_mipi_raw/mot_manaus_ov32bmipiraw_Sensor.o common/mot_manaus_hi1336_mipi_raw/mot_hi1336mipiraw_Sensor.o
subdir-ccflags-y : -I../drivers/misc/mediatek/imgsensor/inc -I/home/rebelpilot89/manaus-kernel/drivers/misc/mediatek/imgsensor/src-v4l2/ -I../drivers/media/platform/mtk-isp/ -I../drivers/media/platform/mtk-isp/camsys/isp7_1/cam/  -I/home/rebelpilot89/manaus-kernel/drivers/misc/mediatek/imgsensor/src-v4l2/frame-sync  -I/home/rebelpilot89/manaus-kernel/drivers/misc/mediatek/imgsensor/src-v4l2/virt-sensor  -D'IMGSENSOR_SUBDRVS=E(mot_manaus_ov50a_mipi_raw),E(mot_manaus_ov32b_mipi_raw),E(mot_manaus_hi1336_mipi_raw)'
imgsensor-virt-sensor-objs : imgsensor-glue.o 
subdir-ccflags-y : -I../drivers/misc/mediatek/imgsensor/inc -I/home/rebelpilot89/manaus-kernel/drivers/misc/mediatek/imgsensor/src-v4l2/imgsensor-glue/ 
os option: linux
$MTK_PLATFORM is [mt6879]
$WLAN_CHIP_ID is [6879]
$MTK_COMBO_CHIP is [CONNAC]
../drivers/misc/mediatek/connectivity/wlan/Makefile:613: wlan_6879_axi build-in boot.img
"imgsys, subdir-ccflags-y = -DWPE_TF_DUMP_71_2 -DONEPIXEL_MODE"
"imgsys, subdir-ccflags-y = -DTF_DUMP_71_2"
../drivers/misc/mediatek/ccu/src/Makefile:17: CCU_MAKE_FILE_CALLED_2_1_1
"mt6879"
CCU_MAKE_FILE_CALLED
y

mt6879


..
  AR      drivers/misc/mediatek/scp/rv/built-in.a
  AR      drivers/misc/mediatek/scp/built-in.a
"CONFIG_MICROTRUST_TEE_VERSION="400""
"CONFIG_MICROTRUST_TEE_SUPPORT=y"
"CONFIG_MICROTRUST_TZ_DRIVER=y"
"CONFIG_MICROTRUST_VFS_DRIVER=y"
"CONFIG_MICROTRUST_FP_DRIVER=y"
"CONFIG_MICROTRUST_DEBUG="
"CONFIG_MICROTRUST_TEST_DRIVERS="
"-----------CONFIG_MTPROF="
"-----------MICROTRUST_TZ_DRIVER_MTK_BOOTPROF="
"whf src=drivers/tee/teei/400"
"whf subdir-ccflags-y=-I../drivers/tee/teei/400/common/include"
"whf ccflags-y="
"=----------------1---------------------------"
"=----------------2---------------------------"
  AR      drivers/misc/mediatek/built-in.a
-- KernelSU-Next Git repo detected at: /home/rebelpilot89/manaus-kernel/drivers/kernelsu
-- KernelSU-Next version: 33024
-- KernelSU-Next tag: v3.1.0
-- KernelSU-Next Manager signature size: 0x3e6
-- KernelSU-Next Manager signature hash: 79e590113c4c4c0c222978e413a5faa801666957b1212a328e46c00c69821bf7
  AR      drivers/misc/built-in.a
  AR      drivers/built-in.a
  GEN     .version
  CHK     include/generated/compile.h
  UPD     include/generated/compile.h
  CC      init/version.o
  AR      init/built-in.a
  GEN     .tmp_initcalls.lds
  LTO     vmlinux.o
ld.lld: error: duplicate symbol: scp_ipi_send
>>> defined in drivers/built-in.a(misc/mediatek/scp/rv/scp_wrapper_ipi.o)
>>> defined in drivers/built-in.a(remoteproc/mtk_scp_ipi.o)

ld.lld: error: duplicate symbol: mbox_setup_pin_table
>>> defined in drivers/built-in.a(misc/mediatek/scp/rv/scp_wrapper_ipi.o)
>>> defined in drivers/built-in.a(misc/mediatek/vcp/rv/vcp_helper.o)

ld.lld: error: duplicate symbol: cmdq_mbox_create
>>> defined in drivers/built-in.a(soc/mediatek/mtk-cmdq-helper.o)
>>> defined in drivers/built-in.a(misc/mediatek/cmdq/mailbox/mtk-cmdq-helper-ext.o)

ld.lld: error: duplicate symbol: cmdq_mbox_destroy
>>> defined in drivers/built-in.a(soc/mediatek/mtk-cmdq-helper.o)
>>> defined in drivers/built-in.a(misc/mediatek/cmdq/mailbox/mtk-cmdq-helper-ext.o)

ld.lld: error: duplicate symbol: cmdq_pkt_write
>>> defined in drivers/built-in.a(soc/mediatek/mtk-cmdq-helper.o)
>>> defined in drivers/built-in.a(misc/mediatek/cmdq/mailbox/mtk-cmdq-helper-ext.o)

ld.lld: error: duplicate symbol: cmdq_pkt_create
>>> defined in drivers/built-in.a(soc/mediatek/mtk-cmdq-helper.o)
>>> defined in drivers/built-in.a(misc/mediatek/cmdq/mailbox/mtk-cmdq-helper-ext.o)

ld.lld: error: duplicate symbol: cmdq_pkt_destroy
>>> defined in drivers/built-in.a(soc/mediatek/mtk-cmdq-helper.o)
>>> defined in drivers/built-in.a(misc/mediatek/cmdq/mailbox/mtk-cmdq-helper-ext.o)

ld.lld: error: duplicate symbol: cmdq_pkt_jump
>>> defined in drivers/built-in.a(soc/mediatek/mtk-cmdq-helper.o)
>>> defined in drivers/built-in.a(misc/mediatek/cmdq/mailbox/mtk-cmdq-helper-ext.o)

ld.lld: error: duplicate symbol: cmdq_pkt_poll
>>> defined in drivers/built-in.a(soc/mediatek/mtk-cmdq-helper.o)
>>> defined in drivers/built-in.a(misc/mediatek/cmdq/mailbox/mtk-cmdq-helper-ext.o)

ld.lld: error: duplicate symbol: cmdq_pkt_clear_event
>>> defined in drivers/built-in.a(soc/mediatek/mtk-cmdq-helper.o)
>>> defined in drivers/built-in.a(misc/mediatek/cmdq/mailbox/mtk-cmdq-helper-ext.o)

ld.lld: error: duplicate symbol: cmdq_pkt_wfe
>>> defined in drivers/built-in.a(soc/mediatek/mtk-cmdq-helper.o)
>>> defined in drivers/built-in.a(misc/mediatek/cmdq/mailbox/mtk-cmdq-helper-ext.o)

ld.lld: error: duplicate symbol: cmdq_pkt_set_event
>>> defined in drivers/built-in.a(soc/mediatek/mtk-cmdq-helper.o)
>>> defined in drivers/built-in.a(misc/mediatek/cmdq/mailbox/mtk-cmdq-helper-ext.o)

ld.lld: error: duplicate symbol: cmdq_pkt_finalize
>>> defined in drivers/built-in.a(soc/mediatek/mtk-cmdq-helper.o)
>>> defined in drivers/built-in.a(misc/mediatek/cmdq/mailbox/mtk-cmdq-helper-ext.o)

ld.lld: error: duplicate symbol: cmdq_pkt_flush_async
>>> defined in drivers/built-in.a(soc/mediatek/mtk-cmdq-helper.o)
>>> defined in drivers/built-in.a(misc/mediatek/cmdq/mailbox/mtk-cmdq-helper-ext.o)

ld.lld: error: duplicate symbol: cmdq_pkt_flush
>>> defined in drivers/built-in.a(soc/mediatek/mtk-cmdq-helper.o)
>>> defined in drivers/built-in.a(misc/mediatek/cmdq/mailbox/mtk-cmdq-helper-ext.o)
make[1]: *** [/home/rebelpilot89/manaus-kernel/Makefile:1296: vmlinux] Error 1
make[1]: se sale del directorio '/home/rebelpilot89/manaus-kernel/out'
make: *** [Makefile:185: __sub-make] Error 2
