make[1]: se entra en el directorio '/home/rebelpilot89/manaus-kernel/out'
  SYNC    include/config/auto.conf.cmd
  GEN     Makefile
  GEN     Makefile
../scripts/Makefile.asm-generic:25: redundant generic-y found in arch/arm64/include/asm/Kbuild: set_memory.h
  CALL    ../scripts/atomic/check-atomics.sh
  CALL    ../scripts/checksyscalls.sh
  CHK     include/generated/compile.h
  CC      arch/arm64/kvm/hyp-constants.s
  CC      drivers/irqchip/irq-mtk-cirq.o
  CC      drivers/pinctrl/pinconf.o
  UPD     kernel/config_data
  CC      drivers/clk/mediatek/clk-mt6879-bus.o
  CC      net/core/utils.o
  GZIP    kernel/config_data.gz
In file included from ../arch/arm64/kvm/hyp/hyp-constants.c:5:
In file included from ../arch/arm64/kvm/hyp/include/nvhe/pkvm.h:12:
../arch/arm64/kvm/hyp/include/nvhe/gfp.h:54:3: error: implicit declaration of function 'hyp_panic' [-Werror,-Wimplicit-function-declaration]
   54 |                 hyp_panic();
      |                 ^
../arch/arm64/kvm/hyp/include/nvhe/gfp.h:54:3: note: did you mean 'nmi_panic'?
../include/linux/kernel.h:322:6: note: 'nmi_panic' declared here
  322 | void nmi_panic(struct pt_regs *regs, const char *msg);
      |      ^
  CC      kernel/configs.o
In file included from ../arch/arm64/kvm/hyp/hyp-constants.c:6:
In file included from ../arch/arm64/kvm/hyp/include/nvhe/trace.h:9:
In file included from ../arch/arm64/include/asm/kvm_hyptrace.h:3:
../arch/arm64/include/asm/kvm_hyp.h:108:17: error: conflicting types for 'hyp_panic'
  108 | void __noreturn hyp_panic(void);
      |                 ^
../arch/arm64/kvm/hyp/include/nvhe/gfp.h:54:3: note: previous implicit declaration is here
   54 |                 hyp_panic();
      |                 ^
In file included from ../arch/arm64/kvm/hyp/hyp-constants.c:6:
In file included from ../arch/arm64/kvm/hyp/include/nvhe/trace.h:9:
../arch/arm64/include/asm/kvm_hyptrace.h:17:30: error: field has incomplete type 'struct kvm_nvhe_clock_data'
   17 |         struct kvm_nvhe_clock_data              trace_clock_data;
      |                                                 ^
../arch/arm64/include/asm/kvm_hyptrace.h:17:9: note: forward declaration of 'struct kvm_nvhe_clock_data'
   17 |         struct kvm_nvhe_clock_data              trace_clock_data;
      |                ^
3 errors generated.
make[3]: *** [../arch/arm64/kvm/Makefile:38: arch/arm64/kvm/hyp-constants.s] Error 1
make[2]: *** [../scripts/Makefile.build:516: arch/arm64/kvm] Error 2
make[1]: *** [/home/rebelpilot89/manaus-kernel/Makefile:1908: arch/arm64] Error 2
make[1]: *** Se espera a que terminen otras tareas....
  CC      drivers/clk/mediatek/clk-mt6879-mdp.o
  AR      drivers/clk/ti/built-in.a
  CC      drivers/soc/mediatek/mtk-dvfsrc.o
  AR      drivers/pinctrl/built-in.a
  CC      drivers/soc/mediatek/mtk-dvfsrc-start.o
  AR      drivers/irqchip/built-in.a
  CC      net/core/link_watch.o
  AR      kernel/built-in.a
  CC      net/ethtool/eee.o
  AR      drivers/clk/versatile/built-in.a
  CC      net/ethtool/tsinfo.o
  CC      drivers/clk/mediatek/clk-mt6879-mfgcfg.o
  CC      net/core/filter.o
  CC      drivers/soc/mediatek/mtk_tinysys_ipi.o
  CC      drivers/virtio/virtio_ring.o
  CC      net/netfilter/nf_conntrack_extend.o
  AR      drivers/soc/qcom/built-in.a
  AR      drivers/soc/renesas/built-in.a
  AR      drivers/soc/sunxi/built-in.a
  CC      net/netfilter/nf_conntrack_acct.o
  CC      drivers/clk/mediatek/clk-mt6879-vcodec.o
  CC      drivers/virtio/virtio_mmio.o
  CC      net/core/sock_diag.o
  CC      drivers/soc/mediatek/mtk-mbox.o
  CC      drivers/virtio/virtio_balloon.o
  CC      drivers/soc/mediatek/mtk-pmic-wrap.o
  CC      net/ethtool/cabletest.o
  CC      drivers/vdpa/vdpa.o
  CC      drivers/clk/mediatek/clk-fhctl.o
  CC      drivers/soc/mediatek/mtk-scpsys.o
  CC      drivers/clk/mediatek/clk-fhctl-ap.o
  CC      net/netfilter/nf_conntrack_seqadj.o
  AR      drivers/vdpa/built-in.a
  CC      drivers/xen/events/events_base.o
  CC      drivers/virtio/virtio_dma_buf.o
  CC      net/core/dev_ioctl.o
  CC      drivers/clk/mediatek/clk-fhctl-pll.o
  CC      drivers/soc/mediatek/mtk-pm-domain-disable-unused.o
  CC      drivers/soc/mediatek/mtk-scpsys-mt6789.o
  CC      drivers/xen/events/events_2l.o
  CC      net/ethtool/tunnels.o
  CC      net/ipv4/route.o
  AR      drivers/virtio/built-in.a
  CC      drivers/regulator/core.o
  AR      net/ethtool/built-in.a
  AR      drivers/soc/ti/built-in.a
  CC      drivers/regulator/dummy.o
  CC      drivers/clk/mediatek/clk-fhctl-mcupm.o
  CC      drivers/soc/mediatek/mtk-scpsys-bringup.o
  CC      net/netfilter/nf_conntrack_proto_icmpv6.o
  CC      drivers/clk/mediatek/clk-fhctl-gpueb.o
  CC      drivers/xen/events/events_fifo.o
  CC      net/core/tso.o
  CC      net/netfilter/nf_conntrack_ecache.o
  CC      drivers/soc/mediatek/mtk-scpsys-mt6833.o
  CC      drivers/regulator/fixed-helper.o
  CC      drivers/clk/mediatek/clk-fhctl-debug.o
  CC      net/core/sock_reuseport.o
  CC      net/ipv4/inetpeer.o
  CC      drivers/regulator/helpers.o
  CC      drivers/xen/xenbus/xenbus_client.o
  AR      drivers/xen/events/built-in.a
  AR      drivers/reset/hisilicon/built-in.a
  CC      drivers/reset/core.o
  CC      drivers/clk/mediatek/clkchk-mt6879.o
  CC      drivers/regulator/devres.o
  CC      drivers/xen/xenbus/xenbus_comms.o
  CC      net/ipv4/protocol.o
  CC      net/netfilter/nf_conntrack_proto_dccp.o
  CC      drivers/reset/reset-ti-syscon.o
  CC      drivers/soc/mediatek/mtk-scpsys-mt6855.o
  CC      net/netfilter/nf_conntrack_proto_sctp.o
  CC      drivers/clk/mediatek/clk-fmeter-mt6879.o
  CC      net/core/fib_notifier.o
  CC      drivers/soc/mediatek/mtk-scpsys-mt6893.o
  CC      drivers/regulator/of_regulator.o
  AR      drivers/reset/built-in.a
  CC      drivers/tty/vt/vt_ioctl.o
  CC      drivers/xen/xenbus/xenbus_xs.o
  CC      drivers/soc/mediatek/mtk-scpsys-mt6879.o
  CC      net/netfilter/nf_log_common.o
  CC      net/ipv4/ip_input.o
  CC      net/core/xdp.o
  CC      drivers/clk/mediatek/mtk-pd-chk-mt6879.o
  CC      drivers/regulator/fixed.o
  CC      drivers/soc/mediatek/mtk-mmsys.o
  CC      net/netfilter/nf_nat_core.o
  CC      drivers/tty/vt/vc_screen.o
  CC      net/core/flow_offload.o
  CC      drivers/xen/xenbus/xenbus_probe.o
  CC      drivers/tty/vt/selection.o
  CC      drivers/clk/mediatek/clkdbg-mt6879.o
  CC      drivers/soc/mediatek/mtk-mmdvfs.o
  CC      net/core/net-sysfs.o
  CC      drivers/regulator/cpcap-regulator.o
  AR      drivers/clk/mediatek/built-in.a
  CC      drivers/clk/clk-devres.o
  CC      drivers/xen/xenbus/xenbus_dev_frontend.o
  CC      net/ipv4/ip_fragment.o
  CC      drivers/tty/vt/keyboard.o
  CC      net/netfilter/nf_nat_proto.o
  CC      drivers/xen/xenbus/xenbus_probe_frontend.o
  CC      drivers/clk/clk-bulk.o
  CC      drivers/soc/mediatek/mtk-socinfo.o
  CC      drivers/regulator/gpio-regulator.o
  CC      net/ipv4/ip_forward.o
  CC      drivers/tty/vt/consolemap.o
  AR      drivers/xen/xenbus/built-in.a
  CC      drivers/xen/xenfs/xenstored.o
  CC      drivers/clk/clkdev.o
  CC      net/core/page_pool.o
  AR      drivers/soc/mediatek/built-in.a
  AR      drivers/soc/xilinx/built-in.a
  AR      drivers/soc/built-in.a
