make[1]: se entra en el directorio '/home/rebelpilot89/manaus-kernel/out'
  GEN     Makefile
../scripts/Makefile.asm-generic:25: redundant generic-y found in arch/arm64/include/asm/Kbuild: set_memory.h
  CALL    ../scripts/atomic/check-atomics.sh
  CALL    ../scripts/checksyscalls.sh
  CHK     include/generated/compile.h
  CC      arch/arm64/kvm/../../../virt/kvm/dirty_ring.o
  CC      arch/arm64/kvm/pmu.o
  CC      arch/arm64/kvm/pkvm-compat-stub.o
../arch/arm64/kvm/../../../virt/kvm/dirty_ring.c:21:9: error: use of undeclared identifier 'KVM_DIRTY_RING_RSVD_ENTRIES'
   21 |         return KVM_DIRTY_RING_RSVD_ENTRIES + kvm_cpu_dirty_log_size();
      |                ^~~~~~~~~~~~~~~~~~~~~~~~~~~
../arch/arm64/kvm/../../../virt/kvm/dirty_ring.c:66:22: error: invalid application of 'sizeof' to an incomplete type 'struct kvm_dirty_gfn'
   66 |         ring->size = size / sizeof(struct kvm_dirty_gfn);
      |                             ^     ~~~~~~~~~~~~~~~~~~~~~~
../include/linux/kvm_dirty_ring.h:29:9: note: forward declaration of 'struct kvm_dirty_gfn'
   29 |         struct kvm_dirty_gfn *dirty_gfns;
      |                ^
../arch/arm64/kvm/../../../virt/kvm/dirty_ring.c:77:24: error: incomplete definition of type 'struct kvm_dirty_gfn'
   77 |         smp_store_release(&gfn->flags, 0);
      |                            ~~~^
../include/linux/kvm_dirty_ring.h:29:9: note: forward declaration of 'struct kvm_dirty_gfn'
   29 |         struct kvm_dirty_gfn *dirty_gfns;
      |                ^
../arch/arm64/kvm/../../../virt/kvm/dirty_ring.c:77:24: error: incomplete definition of type 'struct kvm_dirty_gfn'
   77 |         smp_store_release(&gfn->flags, 0);
      |                            ~~~^
../include/linux/kvm_dirty_ring.h:29:9: note: forward declaration of 'struct kvm_dirty_gfn'
   29 |         struct kvm_dirty_gfn *dirty_gfns;
      |                ^
../arch/arm64/kvm/../../../virt/kvm/dirty_ring.c:77:24: error: incomplete definition of type 'struct kvm_dirty_gfn'
   77 |         smp_store_release(&gfn->flags, 0);
      |                            ~~~^
../include/linux/kvm_dirty_ring.h:29:9: note: forward declaration of 'struct kvm_dirty_gfn'
   29 |         struct kvm_dirty_gfn *dirty_gfns;
      |                ^
../arch/arm64/kvm/../../../virt/kvm/dirty_ring.c:77:24: error: incomplete definition of type 'struct kvm_dirty_gfn'
   77 |         smp_store_release(&gfn->flags, 0);
      |                            ~~~^
../include/linux/kvm_dirty_ring.h:29:9: note: forward declaration of 'struct kvm_dirty_gfn'
   29 |         struct kvm_dirty_gfn *dirty_gfns;
      |                ^
../arch/arm64/kvm/../../../virt/kvm/dirty_ring.c:77:24: error: incomplete definition of type 'struct kvm_dirty_gfn'
   77 |         smp_store_release(&gfn->flags, 0);
      |                            ~~~^
../include/linux/kvm_dirty_ring.h:29:9: note: forward declaration of 'struct kvm_dirty_gfn'
   29 |         struct kvm_dirty_gfn *dirty_gfns;
      |                ^
../arch/arm64/kvm/../../../virt/kvm/dirty_ring.c:77:24: error: incomplete definition of type 'struct kvm_dirty_gfn'
   77 |         smp_store_release(&gfn->flags, 0);
      |                            ~~~^
../include/linux/kvm_dirty_ring.h:29:9: note: forward declaration of 'struct kvm_dirty_gfn'
   29 |         struct kvm_dirty_gfn *dirty_gfns;
      |                ^
../arch/arm64/kvm/../../../virt/kvm/dirty_ring.c:77:24: error: incomplete definition of type 'struct kvm_dirty_gfn'
   77 |         smp_store_release(&gfn->flags, 0);
      |                            ~~~^
../include/linux/kvm_dirty_ring.h:29:9: note: forward declaration of 'struct kvm_dirty_gfn'
   29 |         struct kvm_dirty_gfn *dirty_gfns;
      |                ^
../arch/arm64/kvm/../../../virt/kvm/dirty_ring.c:77:24: error: incomplete definition of type 'struct kvm_dirty_gfn'
   77 |         smp_store_release(&gfn->flags, 0);
      |                            ~~~^
../include/linux/kvm_dirty_ring.h:29:9: note: forward declaration of 'struct kvm_dirty_gfn'
   29 |         struct kvm_dirty_gfn *dirty_gfns;
      |                ^
../arch/arm64/kvm/../../../virt/kvm/dirty_ring.c:77:24: error: incomplete definition of type 'struct kvm_dirty_gfn'
   77 |         smp_store_release(&gfn->flags, 0);
      |                            ~~~^
../include/linux/kvm_dirty_ring.h:29:9: note: forward declaration of 'struct kvm_dirty_gfn'
   29 |         struct kvm_dirty_gfn *dirty_gfns;
      |                ^
../arch/arm64/kvm/../../../virt/kvm/dirty_ring.c:77:24: error: incomplete definition of type 'struct kvm_dirty_gfn'
   77 |         smp_store_release(&gfn->flags, 0);
      |                            ~~~^
../include/linux/kvm_dirty_ring.h:29:9: note: forward declaration of 'struct kvm_dirty_gfn'
   29 |         struct kvm_dirty_gfn *dirty_gfns;
      |                ^
../arch/arm64/kvm/../../../virt/kvm/dirty_ring.c:77:24: error: incomplete definition of type 'struct kvm_dirty_gfn'
   77 |         smp_store_release(&gfn->flags, 0);
      |                            ~~~^
../include/linux/kvm_dirty_ring.h:29:9: note: forward declaration of 'struct kvm_dirty_gfn'
   29 |         struct kvm_dirty_gfn *dirty_gfns;
      |                ^
../arch/arm64/kvm/../../../virt/kvm/dirty_ring.c:77:24: error: incomplete definition of type 'struct kvm_dirty_gfn'
   77 |         smp_store_release(&gfn->flags, 0);
      |                            ~~~^
../include/linux/kvm_dirty_ring.h:29:9: note: forward declaration of 'struct kvm_dirty_gfn'
   29 |         struct kvm_dirty_gfn *dirty_gfns;
      |                ^
../arch/arm64/kvm/../../../virt/kvm/dirty_ring.c:82:5: error: incomplete definition of type 'struct kvm_dirty_gfn'
   82 |         gfn->flags = KVM_DIRTY_GFN_F_DIRTY;
      |         ~~~^
../include/linux/kvm_dirty_ring.h:29:9: note: forward declaration of 'struct kvm_dirty_gfn'
   29 |         struct kvm_dirty_gfn *dirty_gfns;
      |                ^
../arch/arm64/kvm/../../../virt/kvm/dirty_ring.c:82:15: error: use of undeclared identifier 'KVM_DIRTY_GFN_F_DIRTY'
   82 |         gfn->flags = KVM_DIRTY_GFN_F_DIRTY;
      |                      ^~~~~~~~~~~~~~~~~~~~~
../arch/arm64/kvm/../../../virt/kvm/dirty_ring.c:87:30: error: incomplete definition of type 'struct kvm_dirty_gfn'
   87 |         return smp_load_acquire(&gfn->flags) & KVM_DIRTY_GFN_F_RESET;
      |                                  ~~~^
../include/linux/kvm_dirty_ring.h:29:9: note: forward declaration of 'struct kvm_dirty_gfn'
   29 |         struct kvm_dirty_gfn *dirty_gfns;
      |                ^
../arch/arm64/kvm/../../../virt/kvm/dirty_ring.c:87:30: error: incomplete definition of type 'struct kvm_dirty_gfn'
   87 |         return smp_load_acquire(&gfn->flags) & KVM_DIRTY_GFN_F_RESET;
      |                                  ~~~^
../include/linux/kvm_dirty_ring.h:29:9: note: forward declaration of 'struct kvm_dirty_gfn'
   29 |         struct kvm_dirty_gfn *dirty_gfns;
      |                ^
../arch/arm64/kvm/../../../virt/kvm/dirty_ring.c:87:30: error: incomplete definition of type 'struct kvm_dirty_gfn'
   87 |         return smp_load_acquire(&gfn->flags) & KVM_DIRTY_GFN_F_RESET;
      |                                  ~~~^
../include/linux/kvm_dirty_ring.h:29:9: note: forward declaration of 'struct kvm_dirty_gfn'
   29 |         struct kvm_dirty_gfn *dirty_gfns;
      |                ^
fatal error: too many errors emitted, stopping now [-ferror-limit=]
20 errors generated.
make[3]: *** [../scripts/Makefile.build:273: arch/arm64/kvm/../../../virt/kvm/dirty_ring.o] Error 1
make[3]: *** Se espera a que terminen otras tareas....
../arch/arm64/kvm/pmu.c:40:8: error: no member named 'pmu_events' in 'struct kvm_host_data'
   40 |                 ctx->pmu_events.events_host |= set;
      |                 ~~~  ^
../arch/arm64/kvm/pmu.c:42:8: error: no member named 'pmu_events' in 'struct kvm_host_data'
   42 |                 ctx->pmu_events.events_guest |= set;
      |                 ~~~  ^
../arch/arm64/kvm/pmu.c:55:7: error: no member named 'pmu_events' in 'struct kvm_host_data'
   55 |         ctx->pmu_events.events_host &= ~clr;
      |         ~~~  ^
../arch/arm64/kvm/pmu.c:56:7: error: no member named 'pmu_events' in 'struct kvm_host_data'
   56 |         ctx->pmu_events.events_guest &= ~clr;
      |         ~~~  ^
../arch/arm64/kvm/pmu.c:180:23: error: no member named 'pmu_events' in 'struct kvm_host_data'
  180 |         events_guest = host->pmu_events.events_guest;
      |                        ~~~~  ^
../arch/arm64/kvm/pmu.c:181:22: error: no member named 'pmu_events' in 'struct kvm_host_data'
  181 |         events_host = host->pmu_events.events_host;
      |                       ~~~~  ^
../arch/arm64/kvm/pmu.c:200:23: error: no member named 'pmu_events' in 'struct kvm_host_data'
  200 |         events_guest = host->pmu_events.events_guest;
      |                        ~~~~  ^
../arch/arm64/kvm/pmu.c:201:22: error: no member named 'pmu_events' in 'struct kvm_host_data'
  201 |         events_host = host->pmu_events.events_host;
      |                       ~~~~  ^
8 errors generated.
make[3]: *** [../scripts/Makefile.build:273: arch/arm64/kvm/pmu.o] Error 1
../arch/arm64/kvm/pkvm-compat-stub.c:13:14: error: use of undeclared identifier 'KVM_VM_TYPE_ARM_PROTECTED'
   13 |         if (type == KVM_VM_TYPE_ARM_PROTECTED)
      |                     ^~~~~~~~~~~~~~~~~~~~~~~~~
1 error generated.
make[3]: *** [../scripts/Makefile.build:273: arch/arm64/kvm/pkvm-compat-stub.o] Error 1
make[2]: *** [../scripts/Makefile.build:516: arch/arm64/kvm] Error 2
make[1]: *** [/home/rebelpilot89/manaus-kernel/Makefile:1908: arch/arm64] Error 2
make[1]: *** Se espera a que terminen otras tareas....
MTK_GPU_VERSION = mali avalon r49p1
*GPU BM QoS 2.0 QOS Framework defined
*GPU [mtk-Kbuild] building r49p1 DDK ...
*GPU defined GPU BM QoS 2.0 for MT6879
*GPU [mtk-Kbuild] CONFIG_DEBUG_FS = y
*GPU [mtk-Kbuild] CONFIG_PROC_FS = y
*GPU [mtk-Kbuild] CONFIG_MTK_GPU_COMMON_DVFS_SUPPORT = y
*GPU [mtk-Kbuild] CONFIG_MTK_GPU_SUPPORT = y
*GPU [mtk-Kbuild] CONFIG_MTK_GPU_VERSION = "mali avalon r49p1"
*GPU [mtk-Kbuild] MTK_GPU_VERSION = 
*GPU [mtk-Kbuild] MTK_PLATFORM = mt6879
*GPU [mtk-Kbuild] CONFIG_MALI_MIDGARD = y
*GPU [mtk-Kbuild] CONFIG_MALI_PLATFORM_NAME = mt6879
*GPU [mtk-Kbuild] CONFIG_MALI_CSF_SUPPORT = 
*GPU [mtk-Kbuild] CONFIG_MALI_REAL_HW = y
*GPU [mtk-Kbuild] CONFIG_MALI_NO_MALI = 
*GPU [mtk-Kbuild] CONFIG_MALI_DEBUG = y
*GPU [mtk-Kbuild] CONFIG_MALI_MIDGARD_DVFS = y
*GPU [mtk-Kbuild] CONFIG_MALI_DEVFREQ = y
*GPU [mtk-Kbuild] CONFIG_MALI_MTK_DEBUG = y
*GPU [mtk-Kbuild] CONFIG_MALI_MTK_DEBUG_DFD = y
*GPU [mtk-Kbuild] CONFIG_MALI_MTK_MEM_TRACK = y
*GPU [mtk-Kbuild] CONFIG_MALI_MTK_DEVFREQ = y
*GPU [mtk-Kbuild] CONFIG_MALI_MTK_DEVFREQ_THERMAL = y
*GPU [mtk-Kbuild] CONFIG_MALI_MTK_GPU_BM_2 = y
*GPU [mtk-Kbuild] CONFIG_MALI_MTK_BRINGUP = 
*GPU [mtk-Kbuild] CONFIG_MALI_MTK_NO_THERMAL = 
************  drivers/trusty/mtee-kree mk ************
../drivers/misc/mediatek/cameraisp/dip/Makefile:14: "isp6s"
..
..
fdvt tina
Tina add dma: 
..
mot_dubai_ak7377a-objs : mot_dubai_ak7377.o dw9781_circle_test.o dw9781_i2c.o dw9781.o
framesync_drv: frame-sync
virt-sensor: virt-sensor
common_drv : mot_manaus_ov50a_mipi_raw mot_manaus_ov32b_mipi_raw mot_manaus_hi1336_mipi_raw
imgsensor-objs : adaptor-hw.o adaptor-drv.o adaptor-i2c.o adaptor-ctrls.o adaptor-ioctl.o adaptor-common-ctrl.o  frame-sync/frame_sync.o frame-sync/frame_sync_algo.o frame-sync/frame_monitor.o frame-sync/frame_sync_util.o frame-sync/frame_sync_console.o frame-sync/hw_sensor_sync_algo.o frame-sync/custom/custom_hw_sync.o  virt-sensor/virt-sensor-drv.o  common/mot_manaus_ov50a_mipi_raw/mot_ov50amipiraw_Sensor.o common/mot_manaus_ov32b_mipi_raw/mot_manaus_ov32bmipiraw_Sensor.o common/mot_manaus_hi1336_mipi_raw/mot_hi1336mipiraw_Sensor.o
subdir-ccflags-y : -I../drivers/misc/mediatek/imgsensor/inc -I/home/rebelpilot89/manaus-kernel/drivers/misc/mediatek/imgsensor/src-v4l2/ -I../drivers/media/platform/mtk-isp/ -I../drivers/media/platform/mtk-isp/camsys/isp7_1/cam/  -I/home/rebelpilot89/manaus-kernel/drivers/misc/mediatek/imgsensor/src-v4l2/frame-sync  -I/home/rebelpilot89/manaus-kernel/drivers/misc/mediatek/imgsensor/src-v4l2/virt-sensor  -D'IMGSENSOR_SUBDRVS=E(mot_manaus_ov50a_mipi_raw),E(mot_manaus_ov32b_mipi_raw),E(mot_manaus_hi1336_mipi_raw)'
imgsensor-virt-sensor-objs : imgsensor-glue.o 
subdir-ccflags-y : -I../drivers/misc/mediatek/imgsensor/inc -I/home/rebelpilot89/manaus-kernel/drivers/misc/mediatek/imgsensor/src-v4l2/imgsensor-glue/ 
os option: linux
$MTK_PLATFORM is [mt6879]
$WLAN_CHIP_ID is [6879]
$MTK_COMBO_CHIP is [CONNAC]
../drivers/misc/mediatek/connectivity/wlan/Makefile:613: wlan_6879_axi build-in boot.img
"imgsys, subdir-ccflags-y = -DWPE_TF_DUMP_71_2 -DONEPIXEL_MODE"
../drivers/misc/mediatek/ccu/src/Makefile:17: CCU_MAKE_FILE_CALLED_2_1_1
"mt6879"
CCU_MAKE_FILE_CALLED
y

mt6879


..
"imgsys, subdir-ccflags-y = -DTF_DUMP_71_2"
"CONFIG_MICROTRUST_TEE_VERSION="400""
"CONFIG_MICROTRUST_TEE_SUPPORT=y"
"CONFIG_MICROTRUST_TZ_DRIVER=y"
"CONFIG_MICROTRUST_VFS_DRIVER=y"
"CONFIG_MICROTRUST_FP_DRIVER=y"
"CONFIG_MICROTRUST_DEBUG="
"CONFIG_MICROTRUST_TEST_DRIVERS="
"-----------CONFIG_MTPROF="
"-----------MICROTRUST_TZ_DRIVER_MTK_BOOTPROF="
"whf src=drivers/tee/teei/400"
"whf subdir-ccflags-y=-I../drivers/tee/teei/400/common/include"
"whf ccflags-y="
"=----------------1---------------------------"
"=----------------2---------------------------"
-- KernelSU-Next Git repo detected at: /home/rebelpilot89/manaus-kernel/drivers/kernelsu
-- KernelSU-Next version: 33024
-- KernelSU-Next tag: v3.1.0
-- KernelSU-Next Manager signature size: 0x3e6
-- KernelSU-Next Manager signature hash: 79e590113c4c4c0c222978e413a5faa801666957b1212a328e46c00c69821bf7
make[1]: se sale del directorio '/home/rebelpilot89/manaus-kernel/out'
make: *** [Makefile:185: __sub-make] Error 2
