make[1]: se entra en el directorio '/home/rebelpilot89/manaus-kernel/out'
  GEN     Makefile
../scripts/Makefile.asm-generic:25: redundant generic-y found in arch/arm64/include/asm/Kbuild: set_memory.h
  CALL    ../scripts/atomic/check-atomics.sh
  CALL    ../scripts/checksyscalls.sh
  CHK     include/generated/compile.h
  AS      arch/arm64/kernel/head.o
MTK_GPU_VERSION = mali avalon r49p1
*GPU BM QoS 2.0 QOS Framework defined
*GPU [mtk-Kbuild] building r49p1 DDK ...
*GPU defined GPU BM QoS 2.0 for MT6879
*GPU [mtk-Kbuild] CONFIG_DEBUG_FS = y
*GPU [mtk-Kbuild] CONFIG_PROC_FS = y
*GPU [mtk-Kbuild] CONFIG_MTK_GPU_COMMON_DVFS_SUPPORT = y
*GPU [mtk-Kbuild] CONFIG_MTK_GPU_SUPPORT = y
*GPU [mtk-Kbuild] CONFIG_MTK_GPU_VERSION = "mali avalon r49p1"
*GPU [mtk-Kbuild] MTK_GPU_VERSION = 
*GPU [mtk-Kbuild] MTK_PLATFORM = mt6879
*GPU [mtk-Kbuild] CONFIG_MALI_MIDGARD = y
*GPU [mtk-Kbuild] CONFIG_MALI_PLATFORM_NAME = mt6879
*GPU [mtk-Kbuild] CONFIG_MALI_CSF_SUPPORT = 
*GPU [mtk-Kbuild] CONFIG_MALI_REAL_HW = y
*GPU [mtk-Kbuild] CONFIG_MALI_NO_MALI = 
*GPU [mtk-Kbuild] CONFIG_MALI_DEBUG = y
*GPU [mtk-Kbuild] CONFIG_MALI_MIDGARD_DVFS = y
*GPU [mtk-Kbuild] CONFIG_MALI_DEVFREQ = y
*GPU [mtk-Kbuild] CONFIG_MALI_MTK_DEBUG = y
*GPU [mtk-Kbuild] CONFIG_MALI_MTK_DEBUG_DFD = y
*GPU [mtk-Kbuild] CONFIG_MALI_MTK_MEM_TRACK = y
*GPU [mtk-Kbuild] CONFIG_MALI_MTK_DEVFREQ = y
*GPU [mtk-Kbuild] CONFIG_MALI_MTK_DEVFREQ_THERMAL = y
*GPU [mtk-Kbuild] CONFIG_MALI_MTK_GPU_BM_2 = y
*GPU [mtk-Kbuild] CONFIG_MALI_MTK_BRINGUP = 
*GPU [mtk-Kbuild] CONFIG_MALI_MTK_NO_THERMAL = 
************  drivers/trusty/mtee-kree mk ************
../drivers/misc/mediatek/cameraisp/dip/Makefile:14: "isp6s"
..
..
  CC      drivers/misc/mediatek/cmdq/mailbox/mtk-cmdq-mailbox-ext.o
fdvt tina
Tina add dma: 
..
mot_dubai_ak7377a-objs : mot_dubai_ak7377.o dw9781_circle_test.o dw9781_i2c.o dw9781.o
framesync_drv: frame-sync
virt-sensor: virt-sensor
common_drv : mot_manaus_ov50a_mipi_raw mot_manaus_ov32b_mipi_raw mot_manaus_hi1336_mipi_raw
imgsensor-objs : adaptor-hw.o adaptor-drv.o adaptor-i2c.o adaptor-ctrls.o adaptor-ioctl.o adaptor-common-ctrl.o  frame-sync/frame_sync.o frame-sync/frame_sync_algo.o frame-sync/frame_monitor.o frame-sync/frame_sync_util.o frame-sync/frame_sync_console.o frame-sync/hw_sensor_sync_algo.o frame-sync/custom/custom_hw_sync.o  virt-sensor/virt-sensor-drv.o  common/mot_manaus_ov50a_mipi_raw/mot_ov50amipiraw_Sensor.o common/mot_manaus_ov32b_mipi_raw/mot_manaus_ov32bmipiraw_Sensor.o common/mot_manaus_hi1336_mipi_raw/mot_hi1336mipiraw_Sensor.o
subdir-ccflags-y : -I../drivers/misc/mediatek/imgsensor/inc -I/home/rebelpilot89/manaus-kernel/drivers/misc/mediatek/imgsensor/src-v4l2/ -I../drivers/media/platform/mtk-isp/ -I../drivers/media/platform/mtk-isp/camsys/isp7_1/cam/  -I/home/rebelpilot89/manaus-kernel/drivers/misc/mediatek/imgsensor/src-v4l2/frame-sync  -I/home/rebelpilot89/manaus-kernel/drivers/misc/mediatek/imgsensor/src-v4l2/virt-sensor  -D'IMGSENSOR_SUBDRVS=E(mot_manaus_ov50a_mipi_raw),E(mot_manaus_ov32b_mipi_raw),E(mot_manaus_hi1336_mipi_raw)'
"imgsys, subdir-ccflags-y = -DWPE_TF_DUMP_71_2 -DONEPIXEL_MODE"
imgsensor-virt-sensor-objs : imgsensor-glue.o 
subdir-ccflags-y : -I../drivers/misc/mediatek/imgsensor/inc -I/home/rebelpilot89/manaus-kernel/drivers/misc/mediatek/imgsensor/src-v4l2/imgsensor-glue/ 
os option: linux
$MTK_PLATFORM is [mt6879]
$WLAN_CHIP_ID is [6879]
$MTK_COMBO_CHIP is [CONNAC]
"imgsys, subdir-ccflags-y = -DTF_DUMP_71_2"
../drivers/misc/mediatek/connectivity/wlan/Makefile:613: wlan_6879_axi build-in boot.img
../drivers/misc/mediatek/ccu/src/Makefile:17: CCU_MAKE_FILE_CALLED_2_1_1
"mt6879"
CCU_MAKE_FILE_CALLED
y

mt6879


..
  CC      drivers/misc/mediatek/scp/rv/scp_compat_stub.o
  AR      drivers/misc/mediatek/cmdq/mailbox/built-in.a
  AR      drivers/misc/mediatek/cmdq/built-in.a
"CONFIG_MICROTRUST_TEE_VERSION="400""
"CONFIG_MICROTRUST_TEE_SUPPORT=y"
"CONFIG_MICROTRUST_TZ_DRIVER=y"
"CONFIG_MICROTRUST_VFS_DRIVER=y"
"CONFIG_MICROTRUST_FP_DRIVER=y"
"CONFIG_MICROTRUST_DEBUG="
"CONFIG_MICROTRUST_TEST_DRIVERS="
"-----------CONFIG_MTPROF="
"-----------MICROTRUST_TZ_DRIVER_MTK_BOOTPROF="
"whf src=drivers/tee/teei/400"
"whf subdir-ccflags-y=-I../drivers/tee/teei/400/common/include"
"whf ccflags-y="
"=----------------1---------------------------"
"=----------------2---------------------------"
-- KernelSU-Next Git repo detected at: /home/rebelpilot89/manaus-kernel/drivers/kernelsu
-- KernelSU-Next version: 33024
-- KernelSU-Next tag: v3.1.0
-- KernelSU-Next Manager signature size: 0x3e6
-- KernelSU-Next Manager signature hash: 79e590113c4c4c0c222978e413a5faa801666957b1212a328e46c00c69821bf7
  AR      drivers/misc/mediatek/scp/rv/built-in.a
  AR      drivers/misc/mediatek/scp/built-in.a
  AR      drivers/misc/mediatek/built-in.a
  AR      drivers/misc/built-in.a
  AR      drivers/built-in.a
  GEN     .version
  CHK     include/generated/compile.h
  UPD     include/generated/compile.h
  CC      init/version.o
  AR      init/built-in.a
  GEN     .tmp_initcalls.lds
  LTO     vmlinux.o
  MODPOST vmlinux.symvers
  MODINFO modules.builtin.modinfo
  GEN     modules.builtin
  LD      .tmp_vmlinux.kallsyms1
ld.lld: error: undefined symbol: __kcfi_typeid_chacha_block_xor_neon
>>> referenced by chacha-neon-core.S:107 (/home/rebelpilot89/manaus-kernel/out/../arch/arm64/crypto/chacha-neon-core.S:107)
>>>               vmlinux.o:(.text+0x63e4)

ld.lld: error: undefined symbol: __kcfi_typeid_hchacha_block_neon
>>> referenced by chacha-neon-core.S:146 (/home/rebelpilot89/manaus-kernel/out/../arch/arm64/crypto/chacha-neon-core.S:146)
>>>               vmlinux.o:(.text+0x642c)

ld.lld: error: undefined symbol: __kcfi_typeid_chacha_4block_xor_neon
>>> referenced by chacha-neon-core.S:166 (/home/rebelpilot89/manaus-kernel/out/../arch/arm64/crypto/chacha-neon-core.S:166)
>>>               vmlinux.o:(.text+0x6480)

ld.lld: error: undefined symbol: mtk_dprec_logger_pr
>>> referenced by mtk_drm_panel_drv.c:35 (/home/rebelpilot89/manaus-kernel/out/../drivers/gpu/drm/panel/mtk_drm_panel_drv.c:35)
>>>               vmlinux.o:(mtk_drm_panel_drv_init)
>>> referenced by mtk_drm_panel_drv.c:38 (/home/rebelpilot89/manaus-kernel/out/../drivers/gpu/drm/panel/mtk_drm_panel_drv.c:38)
>>>               vmlinux.o:(mtk_drm_panel_drv_init)
>>> referenced by mtk_drm_panel_drv.c:43 (/home/rebelpilot89/manaus-kernel/out/../drivers/gpu/drm/panel/mtk_drm_panel_drv.c:43)
>>>               vmlinux.o:(mtk_drm_panel_drv_init)
>>> referenced 440 more times

ld.lld: error: undefined symbol: get_scmi_tinysys_info
>>> referenced by sspm_plt.c:78 (/home/rebelpilot89/manaus-kernel/out/../drivers/misc/mediatek/sspm/v3/sspm_plt.c:78)
>>>               vmlinux.o:(sspm_plt_init)
>>> referenced by slbc_ipi.c:409 (/home/rebelpilot89/manaus-kernel/out/../drivers/misc/mediatek/slbc/slbc_ipi.c:409)
>>>               vmlinux.o:(slbc_scmi_init)
>>> referenced by mtk_cm_ipi.c:75 (/home/rebelpilot89/manaus-kernel/out/../drivers/misc/mediatek/cm_mgr/mtk_cm_ipi.c:75)
>>>               vmlinux.o:(cm_ipi_init)
>>> referenced 4 more times

ld.lld: error: undefined symbol: scmi_tinysys_common_set
>>> referenced by sspm_plt.c:149 (/home/rebelpilot89/manaus-kernel/out/../drivers/misc/mediatek/sspm/v3/sspm_plt.c:149)
>>>               vmlinux.o:(sspm_plt_init)
>>> referenced by slbc_ipi.c:335 (/home/rebelpilot89/manaus-kernel/out/../drivers/misc/mediatek/slbc/slbc_ipi.c:335)
>>>               vmlinux.o:(slbc_scmi_set)
>>> referenced by mtk_cm_ipi.c:57 (/home/rebelpilot89/manaus-kernel/out/../drivers/misc/mediatek/cm_mgr/mtk_cm_ipi.c:57)
>>>               vmlinux.o:(cm_mgr_to_sspm_command)
>>> referenced 5 more times

ld.lld: error: undefined symbol: sspm_ipidev
>>> referenced by pmsr.c:98 (/home/rebelpilot89/manaus-kernel/out/../drivers/misc/mediatek/pmsr/pmsr.c:98)
>>>               vmlinux.o:(pmsr_init)
>>> referenced by pmsr.c:98 (/home/rebelpilot89/manaus-kernel/out/../drivers/misc/mediatek/pmsr/pmsr.c:98)
>>>               vmlinux.o:(pmsr_init)
>>> referenced by pmsr.c:0 (/home/rebelpilot89/manaus-kernel/out/../drivers/misc/mediatek/pmsr/pmsr.c:0)
>>>               vmlinux.o:(remote_data_write)
>>> referenced 16 more times

ld.lld: error: undefined symbol: __register_rpmsg_driver
>>> referenced by smd.c:107 (/home/rebelpilot89/manaus-kernel/out/../net/qrtr/smd.c:107)
>>>               vmlinux.o:(__initstub__kmod_qrtr_smd__362_107_qcom_smd_qrtr_driver_init6.cfi)

ld.lld: error: undefined symbol: __kcfi_typeid_idmap_cpu_replace_ttbr1
>>> referenced by proc.S:164 (/home/rebelpilot89/manaus-kernel/out/../arch/arm64/mm/proc.S:164)
>>>               vmlinux.o:(.idmap.text+0x5a8)

ld.lld: error: undefined symbol: __tracepoint_md_mutt_limit
>>> referenced by irqbypass.c
>>>               vmlinux.o:(__jump_table+0x69fb8)
>>> referenced by irqbypass.c
>>>               vmlinux.o:(__jump_table+0x69fc8)
>>> referenced by thermal_trace.h:35 (../drivers/thermal/mediatek/thermal_trace.h:35)
>>>               vmlinux.o:(mutt_throttle)
>>> referenced 3 more times

ld.lld: error: undefined symbol: __tracepoint_md_tx_pwr_limit
>>> referenced by irqbypass.c
>>>               vmlinux.o:(__jump_table+0x69fd8)
>>> referenced by irqbypass.c
>>>               vmlinux.o:(__jump_table+0x69fe8)
>>> referenced by thermal_trace.h:57 (../drivers/thermal/mediatek/thermal_trace.h:57)
>>>               vmlinux.o:(tx_pwr_throttle)
>>> referenced 3 more times

ld.lld: error: undefined symbol: __tracepoint_md_scg_off
>>> referenced by irqbypass.c
>>>               vmlinux.o:(__jump_table+0x69ff8)
>>> referenced by irqbypass.c
>>>               vmlinux.o:(__jump_table+0x6a008)
>>> referenced by thermal_trace.h:83 (../drivers/thermal/mediatek/thermal_trace.h:83)
>>>               vmlinux.o:(scg_off_throttle)
>>> referenced 3 more times

ld.lld: error: undefined symbol: __tracepoint_try_enable_jatm
>>> referenced by irqbypass.c
>>>               vmlinux.o:(__jump_table+0x6a018)
>>> referenced by thermal_trace.h:432 (../drivers/thermal/mediatek/thermal_trace.h:432)
>>>               vmlinux.o:(try_enable_jatm)
>>> referenced by thermal_trace.h:432 (../drivers/thermal/mediatek/thermal_trace.h:432)
>>>               vmlinux.o:(try_enable_jatm)

ld.lld: error: undefined symbol: __tracepoint_jatm_disable
>>> referenced by irqbypass.c
>>>               vmlinux.o:(__jump_table+0x6a028)
>>> referenced by thermal_trace.h:391 (../drivers/thermal/mediatek/thermal_trace.h:391)
>>>               vmlinux.o:(disable_jatm)
>>> referenced by thermal_trace.h:391 (../drivers/thermal/mediatek/thermal_trace.h:391)
>>>               vmlinux.o:(disable_jatm)

ld.lld: error: undefined symbol: __tracepoint_jatm_enable
>>> referenced by irqbypass.c
>>>               vmlinux.o:(__jump_table+0x6a038)
>>> referenced by thermal_trace.h:374 (../drivers/thermal/mediatek/thermal_trace.h:374)
>>>               vmlinux.o:(jatm_start_work_fn)
>>> referenced by thermal_trace.h:374 (../drivers/thermal/mediatek/thermal_trace.h:374)
>>>               vmlinux.o:(jatm_start_work_fn)

ld.lld: error: undefined symbol: __tracepoint_not_start_reason
>>> referenced by irqbypass.c
>>>               vmlinux.o:(__jump_table+0x6a048)
>>> referenced by thermal_trace.h:415 (../drivers/thermal/mediatek/thermal_trace.h:415)
>>>               vmlinux.o:(jatm_start_work_fn)
>>> referenced by thermal_trace.h:415 (../drivers/thermal/mediatek/thermal_trace.h:415)
>>>               vmlinux.o:(jatm_start_work_fn)

ld.lld: error: undefined symbol: rpmsg_ccd_ipi_send
>>> referenced by irqbypass.c
>>>               vmlinux.o:(rpmsg_ccd_ipi_send.cfi_jt)

ld.lld: error: undefined symbol: connsys_low_power_setting_mt6886
>>> referenced by irqbypass.c
>>>               vmlinux.o:(connsys_low_power_setting_mt6886.cfi_jt)

ld.lld: error: undefined symbol: connsys_low_power_setting_mt6886_atf
>>> referenced by irqbypass.c
>>>               vmlinux.o:(connsys_low_power_setting_mt6886_atf.cfi_jt)

ld.lld: error: undefined symbol: consys_pre_cal_backup_mt6886_atf
>>> referenced by irqbypass.c
>>>               vmlinux.o:(consys_pre_cal_backup_mt6886_atf.cfi_jt)

ld.lld: error: too many errors emitted, stopping now (use --error-limit=0 to see all errors)
make[1]: *** [/home/rebelpilot89/manaus-kernel/Makefile:1296: vmlinux] Error 1
make[1]: se sale del directorio '/home/rebelpilot89/manaus-kernel/out'
make: *** [Makefile:185: __sub-make] Error 2
