make[1]: se entra en el directorio '/home/rebelpilot89/manaus-kernel/out'
  GEN     Makefile
../scripts/Makefile.asm-generic:25: redundant generic-y found in arch/arm64/include/asm/Kbuild: set_memory.h
  CC      arch/arm64/kernel/asm-offsets.s
  CALL    ../scripts/checksyscalls.sh
  CALL    ../scripts/atomic/check-atomics.sh
  AS      arch/arm64/kernel/vdso/note.o
  AS      arch/arm64/kernel/vdso/sigreturn.o
  LD      arch/arm64/kernel/vdso/vdso.so.dbg
  VDSOSYM include/generated/vdso-offsets.h
  CC      arch/arm64/kvm/hyp-constants.s
  LDS     arch/arm64/kvm/hyp/nvhe/hyp.lds
  CC      arch/arm64/kvm/hyp/nvhe/timer-sr.nvhe.o
  CC      arch/arm64/kvm/hyp/nvhe/sysreg-sr.nvhe.o
  CC      arch/arm64/kvm/hyp/nvhe/debug-sr.nvhe.o
  CC      arch/arm64/kvm/hyp/nvhe/switch.nvhe.o
  CC      arch/arm64/kvm/hyp/nvhe/tlb.nvhe.o
  AS      arch/arm64/kvm/hyp/nvhe/hyp-init.nvhe.o
  AS      arch/arm64/kvm/hyp/nvhe/host.nvhe.o
  CC      arch/arm64/kvm/hyp/nvhe/hyp-main.nvhe.o
  CC      arch/arm64/kvm/hyp/nvhe/hyp-smp.nvhe.o
  CC      arch/arm64/kvm/hyp/nvhe/psci-relay.nvhe.o
../arch/arm64/kvm/hyp/nvhe/psci-relay.c:28:40: error: declaration of 'enum pkvm_psci_notification' will not be visible outside of this function [-Werror,-Wvisibility]
   28 | static void (*pkvm_psci_notifier)(enum pkvm_psci_notification, struct kvm_cpu_context *);
      |                                        ^
../arch/arm64/kvm/hyp/nvhe/psci-relay.c:29:35: error: declaration of 'enum pkvm_psci_notification' will not be visible outside of this function [-Werror,-Wvisibility]
   29 | static void pkvm_psci_notify(enum pkvm_psci_notification notif, struct kvm_cpu_context *host_ctxt)
      |                                   ^
../arch/arm64/kvm/hyp/nvhe/psci-relay.c:29:58: error: variable has incomplete type 'enum pkvm_psci_notification'
   29 | static void pkvm_psci_notify(enum pkvm_psci_notification notif, struct kvm_cpu_context *host_ctxt)
      |                                                          ^
../arch/arm64/kvm/hyp/nvhe/psci-relay.c:29:35: note: forward declaration of 'enum pkvm_psci_notification'
   29 | static void pkvm_psci_notify(enum pkvm_psci_notification notif, struct kvm_cpu_context *host_ctxt)
      |                                   ^
../arch/arm64/kvm/hyp/nvhe/psci-relay.c:36:51: error: declaration of 'enum pkvm_psci_notification' will not be visible outside of this function [-Werror,-Wvisibility]
   36 | int __pkvm_register_psci_notifier(void (*cb)(enum pkvm_psci_notification, struct kvm_cpu_context *))
      |                                                   ^
../arch/arm64/kvm/hyp/nvhe/psci-relay.c:193:19: error: use of undeclared identifier 'PKVM_PSCI_CPU_SUSPEND'; did you mean 'PKVM_IOMMU_PM_SUSPEND'?
  193 |         pkvm_psci_notify(PKVM_PSCI_CPU_SUSPEND, host_ctxt);
      |                          ^~~~~~~~~~~~~~~~~~~~~
      |                          PKVM_IOMMU_PM_SUSPEND
../arch/arm64/include/asm/kvm_host.h:394:2: note: 'PKVM_IOMMU_PM_SUSPEND' declared here
  394 |         PKVM_IOMMU_PM_SUSPEND,
      |         ^
../arch/arm64/kvm/hyp/nvhe/psci-relay.c:193:19: error: argument type 'enum pkvm_psci_notification' is incomplete
  193 |         pkvm_psci_notify(PKVM_PSCI_CPU_SUSPEND, host_ctxt);
      |                          ^~~~~~~~~~~~~~~~~~~~~
../arch/arm64/kvm/hyp/nvhe/psci-relay.c:29:35: note: forward declaration of 'enum pkvm_psci_notification'
   29 | static void pkvm_psci_notify(enum pkvm_psci_notification notif, struct kvm_cpu_context *host_ctxt)
      |                                   ^
../arch/arm64/kvm/hyp/nvhe/psci-relay.c:223:19: error: use of undeclared identifier 'PKVM_PSCI_SYSTEM_SUSPEND'
  223 |         pkvm_psci_notify(PKVM_PSCI_SYSTEM_SUSPEND, host_ctxt);
      |                          ^~~~~~~~~~~~~~~~~~~~~~~~
../arch/arm64/kvm/hyp/nvhe/psci-relay.c:251:19: error: use of undeclared identifier 'PKVM_PSCI_CPU_ENTRY'
  251 |         pkvm_psci_notify(PKVM_PSCI_CPU_ENTRY, host_ctxt);
      |                          ^~~~~~~~~~~~~~~~~~~
../arch/arm64/kvm/hyp/nvhe/psci-relay.c:270:13: error: use of undeclared identifier 'PSCI_1_1_FN_MEM_PROTECT'
  270 |                 psci_call(PSCI_1_1_FN_MEM_PROTECT, offset < 0 ? 0 : 1, 0, 0);
      |                           ^~~~~~~~~~~~~~~~~~~~~~~
9 errors generated.
make[5]: *** [../arch/arm64/kvm/hyp/nvhe/Makefile.nvhe:31: arch/arm64/kvm/hyp/nvhe/psci-relay.nvhe.o] Error 1
make[4]: *** [../scripts/Makefile.build:516: arch/arm64/kvm/hyp/nvhe] Error 2
make[3]: *** [../scripts/Makefile.build:516: arch/arm64/kvm/hyp] Error 2
make[2]: *** [../scripts/Makefile.build:516: arch/arm64/kvm] Error 2
make[1]: *** [/home/rebelpilot89/manaus-kernel/Makefile:1908: arch/arm64] Error 2
make[1]: se sale del directorio '/home/rebelpilot89/manaus-kernel/out'
make: *** [Makefile:185: __sub-make] Error 2
make[1]: se entra en el directorio '/home/rebelpilot89/manaus-kernel/out'
  GEN     Makefile
../scripts/Makefile.asm-generic:25: redundant generic-y found in arch/arm64/include/asm/Kbuild: set_memory.h
  CALL    ../scripts/checksyscalls.sh
  CALL    ../scripts/atomic/check-atomics.sh
  CC      arch/arm64/kvm/hyp/nvhe/psci-relay.nvhe.o
../arch/arm64/kvm/hyp/nvhe/psci-relay.c:28:40: error: declaration of 'enum pkvm_psci_notification' will not be visible outside of this function [-Werror,-Wvisibility]
   28 | static void (*pkvm_psci_notifier)(enum pkvm_psci_notification, struct kvm_cpu_context *);
      |                                        ^
../arch/arm64/kvm/hyp/nvhe/psci-relay.c:29:35: error: declaration of 'enum pkvm_psci_notification' will not be visible outside of this function [-Werror,-Wvisibility]
   29 | static void pkvm_psci_notify(enum pkvm_psci_notification notif, struct kvm_cpu_context *host_ctxt)
      |                                   ^
../arch/arm64/kvm/hyp/nvhe/psci-relay.c:29:58: error: variable has incomplete type 'enum pkvm_psci_notification'
   29 | static void pkvm_psci_notify(enum pkvm_psci_notification notif, struct kvm_cpu_context *host_ctxt)
      |                                                          ^
../arch/arm64/kvm/hyp/nvhe/psci-relay.c:29:35: note: forward declaration of 'enum pkvm_psci_notification'
   29 | static void pkvm_psci_notify(enum pkvm_psci_notification notif, struct kvm_cpu_context *host_ctxt)
      |                                   ^
../arch/arm64/kvm/hyp/nvhe/psci-relay.c:36:51: error: declaration of 'enum pkvm_psci_notification' will not be visible outside of this function [-Werror,-Wvisibility]
   36 | int __pkvm_register_psci_notifier(void (*cb)(enum pkvm_psci_notification, struct kvm_cpu_context *))
      |                                                   ^
../arch/arm64/kvm/hyp/nvhe/psci-relay.c:193:19: error: use of undeclared identifier 'PKVM_PSCI_CPU_SUSPEND'; did you mean 'PKVM_IOMMU_PM_SUSPEND'?
  193 |         pkvm_psci_notify(PKVM_PSCI_CPU_SUSPEND, host_ctxt);
      |                          ^~~~~~~~~~~~~~~~~~~~~
      |                          PKVM_IOMMU_PM_SUSPEND
../arch/arm64/include/asm/kvm_host.h:394:2: note: 'PKVM_IOMMU_PM_SUSPEND' declared here
  394 |         PKVM_IOMMU_PM_SUSPEND,
      |         ^
../arch/arm64/kvm/hyp/nvhe/psci-relay.c:193:19: error: argument type 'enum pkvm_psci_notification' is incomplete
  193 |         pkvm_psci_notify(PKVM_PSCI_CPU_SUSPEND, host_ctxt);
      |                          ^~~~~~~~~~~~~~~~~~~~~
../arch/arm64/kvm/hyp/nvhe/psci-relay.c:29:35: note: forward declaration of 'enum pkvm_psci_notification'
   29 | static void pkvm_psci_notify(enum pkvm_psci_notification notif, struct kvm_cpu_context *host_ctxt)
      |                                   ^
../arch/arm64/kvm/hyp/nvhe/psci-relay.c:223:19: error: use of undeclared identifier 'PKVM_PSCI_SYSTEM_SUSPEND'
  223 |         pkvm_psci_notify(PKVM_PSCI_SYSTEM_SUSPEND, host_ctxt);
      |                          ^~~~~~~~~~~~~~~~~~~~~~~~
../arch/arm64/kvm/hyp/nvhe/psci-relay.c:251:19: error: use of undeclared identifier 'PKVM_PSCI_CPU_ENTRY'
  251 |         pkvm_psci_notify(PKVM_PSCI_CPU_ENTRY, host_ctxt);
      |                          ^~~~~~~~~~~~~~~~~~~
../arch/arm64/kvm/hyp/nvhe/psci-relay.c:270:13: error: use of undeclared identifier 'PSCI_1_1_FN_MEM_PROTECT'
  270 |                 psci_call(PSCI_1_1_FN_MEM_PROTECT, offset < 0 ? 0 : 1, 0, 0);
      |                           ^~~~~~~~~~~~~~~~~~~~~~~
9 errors generated.
make[5]: *** [../arch/arm64/kvm/hyp/nvhe/Makefile.nvhe:31: arch/arm64/kvm/hyp/nvhe/psci-relay.nvhe.o] Error 1
make[4]: *** [../scripts/Makefile.build:516: arch/arm64/kvm/hyp/nvhe] Error 2
make[3]: *** [../scripts/Makefile.build:516: arch/arm64/kvm/hyp] Error 2
make[2]: *** [../scripts/Makefile.build:516: arch/arm64/kvm] Error 2
make[1]: *** [/home/rebelpilot89/manaus-kernel/Makefile:1908: arch/arm64] Error 2
make[1]: se sale del directorio '/home/rebelpilot89/manaus-kernel/out'
make: *** [Makefile:185: __sub-make] Error 2
